
Running 2 tests using 1 worker

  ok 1 [chromium] › tests\e2e\bulk-import.spec.ts:163:3 › OPT-041 批量导入房源全链路 › 权限前置：未登录打预检端点 403，无 data:import 权限账号看到 Forbidden (1.0s)
  x  2 [chromium] › tests\e2e\bulk-import.spec.ts:178:3 › OPT-041 批量导入房源全链路 › 预检 → 确认 → 上架 → 前台可见 → 幂等重传 → 回滚 → 前台不可见 (12.2s)


  1) [chromium] › tests\e2e\bulk-import.spec.ts:178:3 › OPT-041 批量导入房源全链路 › 预检 → 确认 → 上架 → 前台可见 → 幂等重传 → 回滚 → 前台不可见 

    Error: /listings/e2e-zi-dong-hua-ce-shi-fang-yuan-yi-hao-mt3srpmq 应 200

    expect(received).toBe(expected) // Object.is equality

    Expected: 200
    Received: 404

      208 |     const front = await context.newPage()
      209 |     const res1 = await front.goto(`/listings/${doc1.slug}`)
    > 210 |     expect(res1?.status(), `/listings/${doc1.slug} 应 200`).toBe(200)
          |                                                            ^
      211 |     const res2 = await front.goto(`/listings/${doc2.slug}`)
      212 |     expect(res2?.status(), `/listings/${doc2.slug} 应 200`).toBe(200)
      213 |
        at E:\wt-opt041\payload-office-platform\tests\e2e\bulk-import.spec.ts:210:60

    attachment #1: screenshot (image/png) ──────────────────────────────────────────────────────────
    test-results\bulk-import-OPT-041-批量导入房源-9511b--→-前台可见-→-幂等重传-→-回滚-→-前台不可见-chromium\test-failed-2.png
    ────────────────────────────────────────────────────────────────────────────────────────────────

    attachment #2: screenshot (image/png) ──────────────────────────────────────────────────────────
    test-results\bulk-import-OPT-041-批量导入房源-9511b--→-前台可见-→-幂等重传-→-回滚-→-前台不可见-chromium\test-failed-1.png
    ────────────────────────────────────────────────────────────────────────────────────────────────

    attachment #3: video (video/webm) ──────────────────────────────────────────────────────────────
    test-results\bulk-import-OPT-041-批量导入房源-9511b--→-前台可见-→-幂等重传-→-回滚-→-前台不可见-chromium\video.webm
    ────────────────────────────────────────────────────────────────────────────────────────────────

    attachment #4: video (video/webm) ──────────────────────────────────────────────────────────────
    test-results\bulk-import-OPT-041-批量导入房源-9511b--→-前台可见-→-幂等重传-→-回滚-→-前台不可见-chromium\video-1.webm
    ────────────────────────────────────────────────────────────────────────────────────────────────

    Error Context: test-results\bulk-import-OPT-041-批量导入房源-9511b--→-前台可见-→-幂等重传-→-回滚-→-前台不可见-chromium\error-context.md

    Error Context: test-results\bulk-import-OPT-041-批量导入房源-9511b--→-前台可见-→-幂等重传-→-回滚-→-前台不可见-chromium\error-context.md

    attachment #7: trace (application/zip) ─────────────────────────────────────────────────────────
    test-results\bulk-import-OPT-041-批量导入房源-9511b--→-前台可见-→-幂等重传-→-回滚-→-前台不可见-chromium\trace.zip
    Usage:

        pnpm exec playwright show-trace test-results\bulk-import-OPT-041-批量导入房源-9511b--→-前台可见-→-幂等重传-→-回滚-→-前台不可见-chromium\trace.zip

    ────────────────────────────────────────────────────────────────────────────────────────────────

  1 failed
    [chromium] › tests\e2e\bulk-import.spec.ts:178:3 › OPT-041 批量导入房源全链路 › 预检 → 确认 → 上架 → 前台可见 → 幂等重传 → 回滚 → 前台不可见 
  1 passed (15.4s)
