fake COS on 127.0.0.1:10904  modes=bad
>> COS 单次 PUT 上限 2s → 本包至少需要 1500001 B/s（约 1464 KB/s）
>> 上传尝试 1/5：拉取新预签名 URL
   curl exit=0 http=400 用时=0.011544s 已传=3000000B 均速=259875259B/s（需 1500001B/s）
! COS 响应体：
<?xml version="1.0" encoding="utf-8"?>
<Error><Code>UserNetworkTooSlow</Code><Message>harness fake: upload too slow</Message><RequestId>harness-req-1</RequestId></Error>
! 上传尝试 1 失败（curl exit=0 http=400），3s 后换新 URL 重试
>> 上传尝试 2/5：拉取新预签名 URL
   curl exit=0 http=400 用时=0.005072s 已传=3000000B 均速=591482649B/s（需 1500001B/s）
! COS 响应体：
<?xml version="1.0" encoding="utf-8"?>
<Error><Code>UserNetworkTooSlow</Code><Message>harness fake: upload too slow</Message><RequestId>harness-req-2</RequestId></Error>
! 上传尝试 2 失败（curl exit=0 http=400），3s 后换新 URL 重试
>> 上传尝试 3/5：拉取新预签名 URL
   curl exit=0 http=400 用时=0.004937s 已传=3000000B 均速=607656471B/s（需 1500001B/s）
! COS 响应体：
<?xml version="1.0" encoding="utf-8"?>
<Error><Code>UserNetworkTooSlow</Code><Message>harness fake: upload too slow</Message><RequestId>harness-req-3</RequestId></Error>
! 上传尝试 3 失败（curl exit=0 http=400），3s 后换新 URL 重试
>> 上传尝试 4/5：拉取新预签名 URL
   curl exit=0 http=400 用时=0.004607s 已传=3000000B 均速=651182982B/s（需 1500001B/s）
! COS 响应体：
<?xml version="1.0" encoding="utf-8"?>
<Error><Code>UserNetworkTooSlow</Code><Message>harness fake: upload too slow</Message><RequestId>harness-req-4</RequestId></Error>
! 上传尝试 4 失败（curl exit=0 http=400），3s 后换新 URL 重试
>> 上传尝试 5/5：拉取新预签名 URL
   curl exit=0 http=400 用时=0.005484s 已传=3000000B 均速=547045951B/s（需 1500001B/s）
! COS 响应体：
<?xml version="1.0" encoding="utf-8"?>
<Error><Code>UserNetworkTooSlow</Code><Message>harness fake: upload too slow</Message><RequestId>harness-req-5</RequestId></Error>
! 上传尝试 5 失败（curl exit=0 http=400），3s 后换新 URL 重试
✗ 5 次上传全部失败。若响应体里是 UserNetworkTooSlow：本机到腾讯云的吞吐低于 1500001B/s，换个网络再试。
---- upload_package exit=1 ----
---- fetches: 5 次 ----
---- server.log ----
PORT=10904
[server] PUT #1 mode=bad url=/put?sign=a%26b=c%3D1 x-test="harness 1" content-length=3000000
[server] #1 received 3000000 bytes → bad
[server] PUT #2 mode=bad url=/put?sign=a%26b=c%3D1 x-test="harness 1" content-length=3000000
[server] #2 received 3000000 bytes → bad
[server] PUT #3 mode=bad url=/put?sign=a%26b=c%3D1 x-test="harness 1" content-length=3000000
[server] #3 received 3000000 bytes → bad
[server] PUT #4 mode=bad url=/put?sign=a%26b=c%3D1 x-test="harness 1" content-length=3000000
[server] #4 received 3000000 bytes → bad
[server] PUT #5 mode=bad url=/put?sign=a%26b=c%3D1 x-test="harness 1" content-length=3000000
[server] #5 received 3000000 bytes → bad
