fake COS on 127.0.0.1:2812  modes=slow,bad,ok
>> COS 单次 PUT 上限 2s → 本包至少需要 1500001 B/s（约 1464 KB/s）
>> 上传尝试 1/5：拉取新预签名 URL
curl: (28) Operation timed out after 12006 milliseconds with 0 bytes received
   curl exit=28 http=100 用时=12.006888s 已传=3000000B 均速=249856B/s（需 1500001B/s）
! 上传尝试 1 失败（curl exit=28 http=100），3s 后换新 URL 重试
>> 上传尝试 2/5：拉取新预签名 URL
   curl exit=0 http=400 用时=0.007112s 已传=3000000B 均速=421822272B/s（需 1500001B/s）
! COS 响应体：
<?xml version="1.0" encoding="utf-8"?>
<Error><Code>UserNetworkTooSlow</Code><Message>harness fake: upload too slow</Message><RequestId>harness-req-2</RequestId></Error>
! 上传尝试 2 失败（curl exit=0 http=400），3s 后换新 URL 重试
>> 上传尝试 3/5：拉取新预签名 URL
   curl exit=0 http=200 用时=0.004780s 已传=3000000B 均速=627615062B/s（需 1500001B/s）
✓ 上传完成（尝试 3）
---- upload_package exit=0 ----
stdout(info path)=/tmp/tmp.QlrkmUN90P/upload.json
info 内容：{"data":{"UploadUrl":"http://127.0.0.1:2812/put?sign=a%26b=c%3D1","PackageName":"pkg","PackageVersion":"v3","UploadHeaders":[{"Key":"x-test","Value":"harness 1"}]}}
---- fetches: 3 次 ----
---- server.log ----
PORT=2812
[server] PUT #1 mode=slow url=/put?sign=a%26b=c%3D1 x-test="harness 1" content-length=3000000
[server] #1 closed by peer after 3000000 bytes
[server] PUT #2 mode=bad url=/put?sign=a%26b=c%3D1 x-test="harness 1" content-length=3000000
[server] #2 received 3000000 bytes → bad
[server] PUT #3 mode=ok url=/put?sign=a%26b=c%3D1 x-test="harness 1" content-length=3000000
[server] #3 received 3000000 bytes → ok
