▲ Next.js 16.2.10
- Local:         http://localhost:3820
- Network:       http://198.18.0.1:3820
✓ Ready in 230ms
[04:34:12] [33mWARN[39m: [36mNo email adapter provided. Email will be written to console. More info at https://payloadcms.com/docs/email/overview.[39m
[04:34:17] [31mERROR[39m: [36mFile gallery-16.jpg for collection media is missing on the disk. Expected path: E:\wt10b\payload-office-platform\media\gallery-16.jpg[39m
[04:34:17] [31mERROR[39m: [36mFile gallery-16.jpg for collection media is missing on the disk. Expected path: E:\wt10b\payload-office-platform\media\gallery-16.jpg[39m
[04:34:17] [31mERROR[39m: [36mFile gallery-17.jpg for collection media is missing on the disk. Expected path: E:\wt10b\payload-office-platform\media\gallery-17.jpg[39m
[04:34:17] [31mERROR[39m: [36mFile gallery-18.jpg for collection media is missing on the disk. Expected path: E:\wt10b\payload-office-platform\media\gallery-18.jpg[39m
[04:34:17] [31mERROR[39m: [36mFile cover-west-nanjing-premium-center-3.jpg for collection media is missing on the disk. Expected path: E:\wt10b\payload-office-platform\media\cover-west-nanjing-premium-center-3.jpg[39m
[04:34:18] [31mERROR[39m: [36mFile gallery-16.jpg for collection media is missing on the disk. Expected path: E:\wt10b\payload-office-platform\media\gallery-16.jpg[39m
[04:34:18] [31mERROR[39m: [36mFile gallery-16.jpg for collection media is missing on the disk. Expected path: E:\wt10b\payload-office-platform\media\gallery-16.jpg[39m
[04:34:18] [31mERROR[39m: [36mFile gallery-17.jpg for collection media is missing on the disk. Expected path: E:\wt10b\payload-office-platform\media\gallery-17.jpg[39m
[04:34:18] [31mERROR[39m: [36mFile gallery-18.jpg for collection media is missing on the disk. Expected path: E:\wt10b\payload-office-platform\media\gallery-18.jpg[39m
[04:34:18] [31mERROR[39m: [36mFile cover-west-nanjing-premium-center-3.jpg for collection media is missing on the disk. Expected path: E:\wt10b\payload-office-platform\media\cover-west-nanjing-premium-center-3.jpg[39m
[04:34:20] [31mERROR[39m: [36mFile gallery-16.jpg for collection media is missing on the disk. Expected path: E:\wt10b\payload-office-platform\media\gallery-16.jpg[39m
[04:34:20] [31mERROR[39m: [36mFile gallery-16.jpg for collection media is missing on the disk. Expected path: E:\wt10b\payload-office-platform\media\gallery-16.jpg[39m
[04:34:20] [31mERROR[39m: [36mFile gallery-17.jpg for collection media is missing on the disk. Expected path: E:\wt10b\payload-office-platform\media\gallery-17.jpg[39m
[04:34:20] [31mERROR[39m: [36mFile gallery-18.jpg for collection media is missing on the disk. Expected path: E:\wt10b\payload-office-platform\media\gallery-18.jpg[39m
[04:34:20] [31mERROR[39m: [36mFile cover-west-nanjing-premium-center-3.jpg for collection media is missing on the disk. Expected path: E:\wt10b\payload-office-platform\media\cover-west-nanjing-premium-center-3.jpg[39m
[04:34:20] [31mERROR[39m: [36mFile gallery-16.jpg for collection media is missing on the disk. Expected path: E:\wt10b\payload-office-platform\media\gallery-16.jpg[39m
[04:34:20] [31mERROR[39m: [36mFile gallery-16.jpg for collection media is missing on the disk. Expected path: E:\wt10b\payload-office-platform\media\gallery-16.jpg[39m
[04:34:20] [31mERROR[39m: [36mFile gallery-17.jpg for collection media is missing on the disk. Expected path: E:\wt10b\payload-office-platform\media\gallery-17.jpg[39m
[04:34:20] [31mERROR[39m: [36mFile gallery-18.jpg for collection media is missing on the disk. Expected path: E:\wt10b\payload-office-platform\media\gallery-18.jpg[39m
[04:34:20] [31mERROR[39m: [36mFile cover-west-nanjing-premium-center-3.jpg for collection media is missing on the disk. Expected path: E:\wt10b\payload-office-platform\media\cover-west-nanjing-premium-center-3.jpg[39m
[04:34:22] [31mERROR[39m: [36mFile gallery-16.jpg for collection media is missing on the disk. Expected path: E:\wt10b\payload-office-platform\media\gallery-16.jpg[39m
[04:34:22] [31mERROR[39m: [36mFile gallery-16.jpg for collection media is missing on the disk. Expected path: E:\wt10b\payload-office-platform\media\gallery-16.jpg[39m
[04:34:22] [31mERROR[39m: [36mFile gallery-17.jpg for collection media is missing on the disk. Expected path: E:\wt10b\payload-office-platform\media\gallery-17.jpg[39m
[04:34:22] [31mERROR[39m: [36mFile gallery-18.jpg for collection media is missing on the disk. Expected path: E:\wt10b\payload-office-platform\media\gallery-18.jpg[39m
[04:34:22] [31mERROR[39m: [36mFile cover-west-nanjing-premium-center-3.jpg for collection media is missing on the disk. Expected path: E:\wt10b\payload-office-platform\media\cover-west-nanjing-premium-center-3.jpg[39m
[04:34:23] [31mERROR[39m: [36mFile gallery-16.jpg for collection media is missing on the disk. Expected path: E:\wt10b\payload-office-platform\media\gallery-16.jpg[39m
[04:34:23] [31mERROR[39m: [36mFile gallery-16.jpg for collection media is missing on the disk. Expected path: E:\wt10b\payload-office-platform\media\gallery-16.jpg[39m
[04:34:23] [31mERROR[39m: [36mFile gallery-17.jpg for collection media is missing on the disk. Expected path: E:\wt10b\payload-office-platform\media\gallery-17.jpg[39m
[04:34:23] [31mERROR[39m: [36mFile gallery-18.jpg for collection media is missing on the disk. Expected path: E:\wt10b\payload-office-platform\media\gallery-18.jpg[39m
[04:34:23] [31mERROR[39m: [36mFile cover-west-nanjing-premium-center-3.jpg for collection media is missing on the disk. Expected path: E:\wt10b\payload-office-platform\media\cover-west-nanjing-premium-center-3.jpg[39m
[04:34:25] [31mERROR[39m: [36mFile gallery-16.jpg for collection media is missing on the disk. Expected path: E:\wt10b\payload-office-platform\media\gallery-16.jpg[39m
[04:34:25] [31mERROR[39m: [36mFile gallery-16.jpg for collection media is missing on the disk. Expected path: E:\wt10b\payload-office-platform\media\gallery-16.jpg[39m
[04:34:25] [31mERROR[39m: [36mFile gallery-17.jpg for collection media is missing on the disk. Expected path: E:\wt10b\payload-office-platform\media\gallery-17.jpg[39m
[04:34:25] [31mERROR[39m: [36mFile gallery-18.jpg for collection media is missing on the disk. Expected path: E:\wt10b\payload-office-platform\media\gallery-18.jpg[39m
[04:34:25] [31mERROR[39m: [36mFile cover-west-nanjing-premium-center-3.jpg for collection media is missing on the disk. Expected path: E:\wt10b\payload-office-platform\media\cover-west-nanjing-premium-center-3.jpg[39m
[04:34:25] [31mERROR[39m: [36mFile gallery-16.jpg for collection media is missing on the disk. Expected path: E:\wt10b\payload-office-platform\media\gallery-16.jpg[39m
[04:34:25] [31mERROR[39m: [36mFile gallery-16.jpg for collection media is missing on the disk. Expected path: E:\wt10b\payload-office-platform\media\gallery-16.jpg[39m
[04:34:25] [31mERROR[39m: [36mFile gallery-17.jpg for collection media is missing on the disk. Expected path: E:\wt10b\payload-office-platform\media\gallery-17.jpg[39m
[04:34:25] [31mERROR[39m: [36mFile gallery-18.jpg for collection media is missing on the disk. Expected path: E:\wt10b\payload-office-platform\media\gallery-18.jpg[39m
[04:34:25] [31mERROR[39m: [36mFile cover-west-nanjing-premium-center-3.jpg for collection media is missing on the disk. Expected path: E:\wt10b\payload-office-platform\media\cover-west-nanjing-premium-center-3.jpg[39m
[04:34:28] [31mERROR[39m: [36mFile gallery-16.jpg for collection media is missing on the disk. Expected path: E:\wt10b\payload-office-platform\media\gallery-16.jpg[39m
[04:34:28] [31mERROR[39m: [36mFile gallery-16.jpg for collection media is missing on the disk. Expected path: E:\wt10b\payload-office-platform\media\gallery-16.jpg[39m
[04:34:28] [31mERROR[39m: [36mFile gallery-17.jpg for collection media is missing on the disk. Expected path: E:\wt10b\payload-office-platform\media\gallery-17.jpg[39m
[04:34:28] [31mERROR[39m: [36mFile gallery-18.jpg for collection media is missing on the disk. Expected path: E:\wt10b\payload-office-platform\media\gallery-18.jpg[39m
[04:34:28] [31mERROR[39m: [36mFile cover-west-nanjing-premium-center-3.jpg for collection media is missing on the disk. Expected path: E:\wt10b\payload-office-platform\media\cover-west-nanjing-premium-center-3.jpg[39m
[04:34:29] [31mERROR[39m: [36mFile gallery-16.jpg for collection media is missing on the disk. Expected path: E:\wt10b\payload-office-platform\media\gallery-16.jpg[39m
[04:34:29] [31mERROR[39m: [36mFile gallery-16.jpg for collection media is missing on the disk. Expected path: E:\wt10b\payload-office-platform\media\gallery-16.jpg[39m
[04:34:29] [31mERROR[39m: [36mFile gallery-17.jpg for collection media is missing on the disk. Expected path: E:\wt10b\payload-office-platform\media\gallery-17.jpg[39m
[04:34:29] [31mERROR[39m: [36mFile gallery-18.jpg for collection media is missing on the disk. Expected path: E:\wt10b\payload-office-platform\media\gallery-18.jpg[39m
[04:34:29] [31mERROR[39m: [36mFile cover-west-nanjing-premium-center-3.jpg for collection media is missing on the disk. Expected path: E:\wt10b\payload-office-platform\media\cover-west-nanjing-premium-center-3.jpg[39m
[04:34:31] [31mERROR[39m: [36mFile gallery-16.jpg for collection media is missing on the disk. Expected path: E:\wt10b\payload-office-platform\media\gallery-16.jpg[39m
[04:34:31] [31mERROR[39m: [36mFile gallery-16.jpg for collection media is missing on the disk. Expected path: E:\wt10b\payload-office-platform\media\gallery-16.jpg[39m
[04:34:31] [31mERROR[39m: [36mFile gallery-17.jpg for collection media is missing on the disk. Expected path: E:\wt10b\payload-office-platform\media\gallery-17.jpg[39m
[04:34:31] [31mERROR[39m: [36mFile gallery-18.jpg for collection media is missing on the disk. Expected path: E:\wt10b\payload-office-platform\media\gallery-18.jpg[39m
[04:34:31] [31mERROR[39m: [36mFile cover-west-nanjing-premium-center-3.jpg for collection media is missing on the disk. Expected path: E:\wt10b\payload-office-platform\media\cover-west-nanjing-premium-center-3.jpg[39m
[04:34:31] [31mERROR[39m: [36mFile gallery-16.jpg for collection media is missing on the disk. Expected path: E:\wt10b\payload-office-platform\media\gallery-16.jpg[39m
[04:34:31] [31mERROR[39m: [36mFile gallery-16.jpg for collection media is missing on the disk. Expected path: E:\wt10b\payload-office-platform\media\gallery-16.jpg[39m
[04:34:31] [31mERROR[39m: [36mFile gallery-17.jpg for collection media is missing on the disk. Expected path: E:\wt10b\payload-office-platform\media\gallery-17.jpg[39m
[04:34:31] [31mERROR[39m: [36mFile gallery-18.jpg for collection media is missing on the disk. Expected path: E:\wt10b\payload-office-platform\media\gallery-18.jpg[39m
[04:34:31] [31mERROR[39m: [36mFile cover-west-nanjing-premium-center-3.jpg for collection media is missing on the disk. Expected path: E:\wt10b\payload-office-platform\media\cover-west-nanjing-premium-center-3.jpg[39m
[04:34:33] [31mERROR[39m: [36mFile gallery-16.jpg for collection media is missing on the disk. Expected path: E:\wt10b\payload-office-platform\media\gallery-16.jpg[39m
[04:34:33] [31mERROR[39m: [36mFile gallery-16.jpg for collection media is missing on the disk. Expected path: E:\wt10b\payload-office-platform\media\gallery-16.jpg[39m
[04:34:33] [31mERROR[39m: [36mFile gallery-17.jpg for collection media is missing on the disk. Expected path: E:\wt10b\payload-office-platform\media\gallery-17.jpg[39m
[04:34:33] [31mERROR[39m: [36mFile gallery-18.jpg for collection media is missing on the disk. Expected path: E:\wt10b\payload-office-platform\media\gallery-18.jpg[39m
[04:34:33] [31mERROR[39m: [36mFile cover-west-nanjing-premium-center-3.jpg for collection media is missing on the disk. Expected path: E:\wt10b\payload-office-platform\media\cover-west-nanjing-premium-center-3.jpg[39m
[04:34:34] [31mERROR[39m: [36mFile gallery-16.jpg for collection media is missing on the disk. Expected path: E:\wt10b\payload-office-platform\media\gallery-16.jpg[39m
[04:34:34] [31mERROR[39m: [36mFile gallery-16.jpg for collection media is missing on the disk. Expected path: E:\wt10b\payload-office-platform\media\gallery-16.jpg[39m
[04:34:34] [31mERROR[39m: [36mFile gallery-17.jpg for collection media is missing on the disk. Expected path: E:\wt10b\payload-office-platform\media\gallery-17.jpg[39m
[04:34:34] [31mERROR[39m: [36mFile gallery-18.jpg for collection media is missing on the disk. Expected path: E:\wt10b\payload-office-platform\media\gallery-18.jpg[39m
[04:34:34] [31mERROR[39m: [36mFile cover-west-nanjing-premium-center-3.jpg for collection media is missing on the disk. Expected path: E:\wt10b\payload-office-platform\media\cover-west-nanjing-premium-center-3.jpg[39m
[04:34:36] [31mERROR[39m: [36mFile gallery-16.jpg for collection media is missing on the disk. Expected path: E:\wt10b\payload-office-platform\media\gallery-16.jpg[39m
[04:34:36] [31mERROR[39m: [36mFile gallery-16.jpg for collection media is missing on the disk. Expected path: E:\wt10b\payload-office-platform\media\gallery-16.jpg[39m
[04:34:36] [31mERROR[39m: [36mFile gallery-17.jpg for collection media is missing on the disk. Expected path: E:\wt10b\payload-office-platform\media\gallery-17.jpg[39m
[04:34:36] [31mERROR[39m: [36mFile gallery-18.jpg for collection media is missing on the disk. Expected path: E:\wt10b\payload-office-platform\media\gallery-18.jpg[39m
[04:34:36] [31mERROR[39m: [36mFile cover-west-nanjing-premium-center-3.jpg for collection media is missing on the disk. Expected path: E:\wt10b\payload-office-platform\media\cover-west-nanjing-premium-center-3.jpg[39m
[04:34:36] [31mERROR[39m: [36mFile gallery-16.jpg for collection media is missing on the disk. Expected path: E:\wt10b\payload-office-platform\media\gallery-16.jpg[39m
[04:34:36] [31mERROR[39m: [36mFile gallery-16.jpg for collection media is missing on the disk. Expected path: E:\wt10b\payload-office-platform\media\gallery-16.jpg[39m
[04:34:36] [31mERROR[39m: [36mFile gallery-17.jpg for collection media is missing on the disk. Expected path: E:\wt10b\payload-office-platform\media\gallery-17.jpg[39m
[04:34:36] [31mERROR[39m: [36mFile gallery-18.jpg for collection media is missing on the disk. Expected path: E:\wt10b\payload-office-platform\media\gallery-18.jpg[39m
[04:34:36] [31mERROR[39m: [36mFile cover-west-nanjing-premium-center-3.jpg for collection media is missing on the disk. Expected path: E:\wt10b\payload-office-platform\media\cover-west-nanjing-premium-center-3.jpg[39m
