▲ Next.js 16.2.10
- Local:         http://localhost:3820
- Network:       http://198.18.0.1:3820
✓ Ready in 236ms
[04:38:49] [33mWARN[39m: [36mNo email adapter provided. Email will be written to console. More info at https://payloadcms.com/docs/email/overview.[39m
[04:38:49] [31mERROR[39m: [36mFile cover-west-nanjing-premium-center-3.jpg for collection media is missing on the disk. Expected path: E:\wt10b\payload-office-platform\media\cover-west-nanjing-premium-center-3.jpg[39m
[04:38:49] [31mERROR[39m: [36mFile cover-lujiazui-grade-a-river-view-3.jpg for collection media is missing on the disk. Expected path: E:\wt10b\payload-office-platform\media\cover-lujiazui-grade-a-river-view-3.jpg[39m
[04:38:49] [31mERROR[39m: [36mFile cover-huangpu-bund-3.jpg for collection media is missing on the disk. Expected path: E:\wt10b\payload-office-platform\media\cover-huangpu-bund-3.jpg[39m
[04:38:49] [31mERROR[39m: [36mFile cover-xuhui-xujiahui-3.jpg for collection media is missing on the disk. Expected path: E:\wt10b\payload-office-platform\media\cover-xuhui-xujiahui-3.jpg[39m
[04:38:49] [31mERROR[39m: [36mFile cover-changning-hongqiao-3.jpg for collection media is missing on the disk. Expected path: E:\wt10b\payload-office-platform\media\cover-changning-hongqiao-3.jpg[39m
[04:38:50] [31mERROR[39m: [36mFile cover-west-nanjing-premium-center-3.jpg for collection media is missing on the disk. Expected path: E:\wt10b\payload-office-platform\media\cover-west-nanjing-premium-center-3.jpg[39m
[04:38:50] [31mERROR[39m: [36mFile cover-lujiazui-grade-a-river-view-3.jpg for collection media is missing on the disk. Expected path: E:\wt10b\payload-office-platform\media\cover-lujiazui-grade-a-river-view-3.jpg[39m
[04:38:50] [31mERROR[39m: [36mFile cover-huangpu-bund-3.jpg for collection media is missing on the disk. Expected path: E:\wt10b\payload-office-platform\media\cover-huangpu-bund-3.jpg[39m
[04:38:50] [31mERROR[39m: [36mFile cover-xuhui-xujiahui-3.jpg for collection media is missing on the disk. Expected path: E:\wt10b\payload-office-platform\media\cover-xuhui-xujiahui-3.jpg[39m
[04:38:50] [31mERROR[39m: [36mFile cover-changning-hongqiao-3.jpg for collection media is missing on the disk. Expected path: E:\wt10b\payload-office-platform\media\cover-changning-hongqiao-3.jpg[39m
[04:38:51] [31mERROR[39m: [36mFile cover-west-nanjing-premium-center-3.jpg for collection media is missing on the disk. Expected path: E:\wt10b\payload-office-platform\media\cover-west-nanjing-premium-center-3.jpg[39m
[04:38:51] [31mERROR[39m: [36mFile cover-huangpu-bund-3.jpg for collection media is missing on the disk. Expected path: E:\wt10b\payload-office-platform\media\cover-huangpu-bund-3.jpg[39m
[04:38:51] [31mERROR[39m: [36mFile cover-lujiazui-grade-a-river-view-3.jpg for collection media is missing on the disk. Expected path: E:\wt10b\payload-office-platform\media\cover-lujiazui-grade-a-river-view-3.jpg[39m
[04:38:51] [31mERROR[39m: [36mFile cover-changning-hongqiao-3.jpg for collection media is missing on the disk. Expected path: E:\wt10b\payload-office-platform\media\cover-changning-hongqiao-3.jpg[39m
[04:38:51] [31mERROR[39m: [36mFile cover-xuhui-xujiahui-3.jpg for collection media is missing on the disk. Expected path: E:\wt10b\payload-office-platform\media\cover-xuhui-xujiahui-3.jpg[39m
[04:38:52] [31mERROR[39m: [36mFile cover-lujiazui-grade-a-river-view-3.jpg for collection media is missing on the disk. Expected path: E:\wt10b\payload-office-platform\media\cover-lujiazui-grade-a-river-view-3.jpg[39m
[04:38:52] [31mERROR[39m: [36mFile cover-lujiazui-grade-a-river-view-3.jpg for collection media is missing on the disk. Expected path: E:\wt10b\payload-office-platform\media\cover-lujiazui-grade-a-river-view-3.jpg[39m
[04:38:52] [31mERROR[39m: [36mFile gallery-16.jpg for collection media is missing on the disk. Expected path: E:\wt10b\payload-office-platform\media\gallery-16.jpg[39m
[04:38:52] [31mERROR[39m: [36mFile gallery-17.jpg for collection media is missing on the disk. Expected path: E:\wt10b\payload-office-platform\media\gallery-17.jpg[39m
[04:38:52] [31mERROR[39m: [36mFile gallery-18.jpg for collection media is missing on the disk. Expected path: E:\wt10b\payload-office-platform\media\gallery-18.jpg[39m
[04:38:53] [31mERROR[39m: [36mFile cover-west-nanjing-premium-center-3.jpg for collection media is missing on the disk. Expected path: E:\wt10b\payload-office-platform\media\cover-west-nanjing-premium-center-3.jpg[39m
[04:38:53] [31mERROR[39m: [36mFile cover-lujiazui-grade-a-river-view-3.jpg for collection media is missing on the disk. Expected path: E:\wt10b\payload-office-platform\media\cover-lujiazui-grade-a-river-view-3.jpg[39m
[04:38:53] [31mERROR[39m: [36mFile cover-huangpu-bund-3.jpg for collection media is missing on the disk. Expected path: E:\wt10b\payload-office-platform\media\cover-huangpu-bund-3.jpg[39m
[04:38:53] [31mERROR[39m: [36mFile cover-xuhui-xujiahui-3.jpg for collection media is missing on the disk. Expected path: E:\wt10b\payload-office-platform\media\cover-xuhui-xujiahui-3.jpg[39m
[04:38:53] [31mERROR[39m: [36mFile cover-changning-hongqiao-3.jpg for collection media is missing on the disk. Expected path: E:\wt10b\payload-office-platform\media\cover-changning-hongqiao-3.jpg[39m
[04:38:54] [31mERROR[39m: [36mFile cover-west-nanjing-premium-center-3.jpg for collection media is missing on the disk. Expected path: E:\wt10b\payload-office-platform\media\cover-west-nanjing-premium-center-3.jpg[39m
[04:38:54] [31mERROR[39m: [36mFile cover-lujiazui-grade-a-river-view-3.jpg for collection media is missing on the disk. Expected path: E:\wt10b\payload-office-platform\media\cover-lujiazui-grade-a-river-view-3.jpg[39m
[04:38:54] [31mERROR[39m: [36mFile cover-huangpu-bund-3.jpg for collection media is missing on the disk. Expected path: E:\wt10b\payload-office-platform\media\cover-huangpu-bund-3.jpg[39m
[04:38:54] [31mERROR[39m: [36mFile cover-xuhui-xujiahui-3.jpg for collection media is missing on the disk. Expected path: E:\wt10b\payload-office-platform\media\cover-xuhui-xujiahui-3.jpg[39m
[04:38:54] [31mERROR[39m: [36mFile cover-changning-hongqiao-3.jpg for collection media is missing on the disk. Expected path: E:\wt10b\payload-office-platform\media\cover-changning-hongqiao-3.jpg[39m
[04:38:55] [31mERROR[39m: [36mFile cover-west-nanjing-premium-center-3.jpg for collection media is missing on the disk. Expected path: E:\wt10b\payload-office-platform\media\cover-west-nanjing-premium-center-3.jpg[39m
[04:38:55] [31mERROR[39m: [36mFile cover-huangpu-bund-3.jpg for collection media is missing on the disk. Expected path: E:\wt10b\payload-office-platform\media\cover-huangpu-bund-3.jpg[39m
[04:38:55] [31mERROR[39m: [36mFile cover-lujiazui-grade-a-river-view-3.jpg for collection media is missing on the disk. Expected path: E:\wt10b\payload-office-platform\media\cover-lujiazui-grade-a-river-view-3.jpg[39m
[04:38:55] [31mERROR[39m: [36mFile cover-changning-hongqiao-3.jpg for collection media is missing on the disk. Expected path: E:\wt10b\payload-office-platform\media\cover-changning-hongqiao-3.jpg[39m
[04:38:55] [31mERROR[39m: [36mFile cover-xuhui-xujiahui-3.jpg for collection media is missing on the disk. Expected path: E:\wt10b\payload-office-platform\media\cover-xuhui-xujiahui-3.jpg[39m
[04:38:55] [31mERROR[39m: [36mFile cover-lujiazui-grade-a-river-view-3.jpg for collection media is missing on the disk. Expected path: E:\wt10b\payload-office-platform\media\cover-lujiazui-grade-a-river-view-3.jpg[39m
[04:38:55] [31mERROR[39m: [36mFile cover-lujiazui-grade-a-river-view-3.jpg for collection media is missing on the disk. Expected path: E:\wt10b\payload-office-platform\media\cover-lujiazui-grade-a-river-view-3.jpg[39m
[04:38:55] [31mERROR[39m: [36mFile gallery-16.jpg for collection media is missing on the disk. Expected path: E:\wt10b\payload-office-platform\media\gallery-16.jpg[39m
[04:38:55] [31mERROR[39m: [36mFile gallery-17.jpg for collection media is missing on the disk. Expected path: E:\wt10b\payload-office-platform\media\gallery-17.jpg[39m
[04:38:55] [31mERROR[39m: [36mFile gallery-18.jpg for collection media is missing on the disk. Expected path: E:\wt10b\payload-office-platform\media\gallery-18.jpg[39m
[04:38:56] [31mERROR[39m: [36mFile cover-west-nanjing-premium-center-3.jpg for collection media is missing on the disk. Expected path: E:\wt10b\payload-office-platform\media\cover-west-nanjing-premium-center-3.jpg[39m
[04:38:56] [31mERROR[39m: [36mFile cover-lujiazui-grade-a-river-view-3.jpg for collection media is missing on the disk. Expected path: E:\wt10b\payload-office-platform\media\cover-lujiazui-grade-a-river-view-3.jpg[39m
[04:38:56] [31mERROR[39m: [36mFile cover-huangpu-bund-3.jpg for collection media is missing on the disk. Expected path: E:\wt10b\payload-office-platform\media\cover-huangpu-bund-3.jpg[39m
[04:38:56] [31mERROR[39m: [36mFile cover-xuhui-xujiahui-3.jpg for collection media is missing on the disk. Expected path: E:\wt10b\payload-office-platform\media\cover-xuhui-xujiahui-3.jpg[39m
[04:38:56] [31mERROR[39m: [36mFile cover-changning-hongqiao-3.jpg for collection media is missing on the disk. Expected path: E:\wt10b\payload-office-platform\media\cover-changning-hongqiao-3.jpg[39m
[04:38:57] [31mERROR[39m: [36mFile cover-west-nanjing-premium-center-3.jpg for collection media is missing on the disk. Expected path: E:\wt10b\payload-office-platform\media\cover-west-nanjing-premium-center-3.jpg[39m
[04:38:57] [31mERROR[39m: [36mFile cover-lujiazui-grade-a-river-view-3.jpg for collection media is missing on the disk. Expected path: E:\wt10b\payload-office-platform\media\cover-lujiazui-grade-a-river-view-3.jpg[39m
[04:38:57] [31mERROR[39m: [36mFile cover-huangpu-bund-3.jpg for collection media is missing on the disk. Expected path: E:\wt10b\payload-office-platform\media\cover-huangpu-bund-3.jpg[39m
[04:38:57] [31mERROR[39m: [36mFile cover-xuhui-xujiahui-3.jpg for collection media is missing on the disk. Expected path: E:\wt10b\payload-office-platform\media\cover-xuhui-xujiahui-3.jpg[39m
[04:38:57] [31mERROR[39m: [36mFile cover-changning-hongqiao-3.jpg for collection media is missing on the disk. Expected path: E:\wt10b\payload-office-platform\media\cover-changning-hongqiao-3.jpg[39m
[04:38:58] [31mERROR[39m: [36mFile cover-west-nanjing-premium-center-3.jpg for collection media is missing on the disk. Expected path: E:\wt10b\payload-office-platform\media\cover-west-nanjing-premium-center-3.jpg[39m
[04:38:58] [31mERROR[39m: [36mFile cover-huangpu-bund-3.jpg for collection media is missing on the disk. Expected path: E:\wt10b\payload-office-platform\media\cover-huangpu-bund-3.jpg[39m
[04:38:58] [31mERROR[39m: [36mFile cover-lujiazui-grade-a-river-view-3.jpg for collection media is missing on the disk. Expected path: E:\wt10b\payload-office-platform\media\cover-lujiazui-grade-a-river-view-3.jpg[39m
[04:38:58] [31mERROR[39m: [36mFile cover-changning-hongqiao-3.jpg for collection media is missing on the disk. Expected path: E:\wt10b\payload-office-platform\media\cover-changning-hongqiao-3.jpg[39m
[04:38:58] [31mERROR[39m: [36mFile cover-xuhui-xujiahui-3.jpg for collection media is missing on the disk. Expected path: E:\wt10b\payload-office-platform\media\cover-xuhui-xujiahui-3.jpg[39m
[04:38:58] [31mERROR[39m: [36mFile cover-lujiazui-grade-a-river-view-3.jpg for collection media is missing on the disk. Expected path: E:\wt10b\payload-office-platform\media\cover-lujiazui-grade-a-river-view-3.jpg[39m
[04:38:58] [31mERROR[39m: [36mFile cover-lujiazui-grade-a-river-view-3.jpg for collection media is missing on the disk. Expected path: E:\wt10b\payload-office-platform\media\cover-lujiazui-grade-a-river-view-3.jpg[39m
[04:38:58] [31mERROR[39m: [36mFile gallery-16.jpg for collection media is missing on the disk. Expected path: E:\wt10b\payload-office-platform\media\gallery-16.jpg[39m
[04:38:58] [31mERROR[39m: [36mFile gallery-17.jpg for collection media is missing on the disk. Expected path: E:\wt10b\payload-office-platform\media\gallery-17.jpg[39m
[04:38:58] [31mERROR[39m: [36mFile gallery-18.jpg for collection media is missing on the disk. Expected path: E:\wt10b\payload-office-platform\media\gallery-18.jpg[39m
[04:39:00] [31mERROR[39m: [36mFile cover-west-nanjing-premium-center-3.jpg for collection media is missing on the disk. Expected path: E:\wt10b\payload-office-platform\media\cover-west-nanjing-premium-center-3.jpg[39m
[04:39:00] [31mERROR[39m: [36mFile cover-lujiazui-grade-a-river-view-3.jpg for collection media is missing on the disk. Expected path: E:\wt10b\payload-office-platform\media\cover-lujiazui-grade-a-river-view-3.jpg[39m
[04:39:00] [31mERROR[39m: [36mFile cover-huangpu-bund-3.jpg for collection media is missing on the disk. Expected path: E:\wt10b\payload-office-platform\media\cover-huangpu-bund-3.jpg[39m
[04:39:00] [31mERROR[39m: [36mFile cover-xuhui-xujiahui-3.jpg for collection media is missing on the disk. Expected path: E:\wt10b\payload-office-platform\media\cover-xuhui-xujiahui-3.jpg[39m
[04:39:00] [31mERROR[39m: [36mFile cover-changning-hongqiao-3.jpg for collection media is missing on the disk. Expected path: E:\wt10b\payload-office-platform\media\cover-changning-hongqiao-3.jpg[39m
[04:39:00] [31mERROR[39m: [36mFile cover-west-nanjing-premium-center-3.jpg for collection media is missing on the disk. Expected path: E:\wt10b\payload-office-platform\media\cover-west-nanjing-premium-center-3.jpg[39m
[04:39:00] [31mERROR[39m: [36mFile cover-lujiazui-grade-a-river-view-3.jpg for collection media is missing on the disk. Expected path: E:\wt10b\payload-office-platform\media\cover-lujiazui-grade-a-river-view-3.jpg[39m
[04:39:00] [31mERROR[39m: [36mFile cover-huangpu-bund-3.jpg for collection media is missing on the disk. Expected path: E:\wt10b\payload-office-platform\media\cover-huangpu-bund-3.jpg[39m
[04:39:00] [31mERROR[39m: [36mFile cover-xuhui-xujiahui-3.jpg for collection media is missing on the disk. Expected path: E:\wt10b\payload-office-platform\media\cover-xuhui-xujiahui-3.jpg[39m
[04:39:00] [31mERROR[39m: [36mFile cover-changning-hongqiao-3.jpg for collection media is missing on the disk. Expected path: E:\wt10b\payload-office-platform\media\cover-changning-hongqiao-3.jpg[39m
[04:39:01] [31mERROR[39m: [36mFile cover-west-nanjing-premium-center-3.jpg for collection media is missing on the disk. Expected path: E:\wt10b\payload-office-platform\media\cover-west-nanjing-premium-center-3.jpg[39m
[04:39:01] [31mERROR[39m: [36mFile cover-huangpu-bund-3.jpg for collection media is missing on the disk. Expected path: E:\wt10b\payload-office-platform\media\cover-huangpu-bund-3.jpg[39m
[04:39:01] [31mERROR[39m: [36mFile cover-lujiazui-grade-a-river-view-3.jpg for collection media is missing on the disk. Expected path: E:\wt10b\payload-office-platform\media\cover-lujiazui-grade-a-river-view-3.jpg[39m
[04:39:01] [31mERROR[39m: [36mFile cover-changning-hongqiao-3.jpg for collection media is missing on the disk. Expected path: E:\wt10b\payload-office-platform\media\cover-changning-hongqiao-3.jpg[39m
[04:39:01] [31mERROR[39m: [36mFile cover-xuhui-xujiahui-3.jpg for collection media is missing on the disk. Expected path: E:\wt10b\payload-office-platform\media\cover-xuhui-xujiahui-3.jpg[39m
[04:39:02] [31mERROR[39m: [36mFile cover-lujiazui-grade-a-river-view-3.jpg for collection media is missing on the disk. Expected path: E:\wt10b\payload-office-platform\media\cover-lujiazui-grade-a-river-view-3.jpg[39m
[04:39:02] [31mERROR[39m: [36mFile cover-lujiazui-grade-a-river-view-3.jpg for collection media is missing on the disk. Expected path: E:\wt10b\payload-office-platform\media\cover-lujiazui-grade-a-river-view-3.jpg[39m
[04:39:02] [31mERROR[39m: [36mFile gallery-16.jpg for collection media is missing on the disk. Expected path: E:\wt10b\payload-office-platform\media\gallery-16.jpg[39m
[04:39:02] [31mERROR[39m: [36mFile gallery-17.jpg for collection media is missing on the disk. Expected path: E:\wt10b\payload-office-platform\media\gallery-17.jpg[39m
[04:39:02] [31mERROR[39m: [36mFile gallery-18.jpg for collection media is missing on the disk. Expected path: E:\wt10b\payload-office-platform\media\gallery-18.jpg[39m
