▲ Next.js 16.2.10
- Local:         http://localhost:3820
- Network:       http://198.18.0.1:3820
✓ Ready in 235ms
[04:40:05] [33mWARN[39m: [36mNo email adapter provided. Email will be written to console. More info at https://payloadcms.com/docs/email/overview.[39m
[04:40:06] [31mERROR[39m: [36mFile cover-west-nanjing-premium-center-3.jpg for collection media is missing on the disk. Expected path: E:\wt10b\payload-office-platform\media\cover-west-nanjing-premium-center-3.jpg[39m
[04:40:06] [31mERROR[39m: [36mFile cover-lujiazui-grade-a-river-view-3.jpg for collection media is missing on the disk. Expected path: E:\wt10b\payload-office-platform\media\cover-lujiazui-grade-a-river-view-3.jpg[39m
[04:40:06] [31mERROR[39m: [36mFile cover-huangpu-bund-3.jpg for collection media is missing on the disk. Expected path: E:\wt10b\payload-office-platform\media\cover-huangpu-bund-3.jpg[39m
[04:40:06] [31mERROR[39m: [36mFile cover-changning-hongqiao-3.jpg for collection media is missing on the disk. Expected path: E:\wt10b\payload-office-platform\media\cover-changning-hongqiao-3.jpg[39m
[04:40:06] [31mERROR[39m: [36mFile cover-xuhui-xujiahui-3.jpg for collection media is missing on the disk. Expected path: E:\wt10b\payload-office-platform\media\cover-xuhui-xujiahui-3.jpg[39m
[04:40:06] [31mERROR[39m: [36mFile cover-west-nanjing-premium-center-3.jpg for collection media is missing on the disk. Expected path: E:\wt10b\payload-office-platform\media\cover-west-nanjing-premium-center-3.jpg[39m
[04:40:06] [31mERROR[39m: [36mFile cover-lujiazui-grade-a-river-view-3.jpg for collection media is missing on the disk. Expected path: E:\wt10b\payload-office-platform\media\cover-lujiazui-grade-a-river-view-3.jpg[39m
[04:40:06] [31mERROR[39m: [36mFile cover-huangpu-bund-3.jpg for collection media is missing on the disk. Expected path: E:\wt10b\payload-office-platform\media\cover-huangpu-bund-3.jpg[39m
[04:40:06] [31mERROR[39m: [36mFile cover-xuhui-xujiahui-3.jpg for collection media is missing on the disk. Expected path: E:\wt10b\payload-office-platform\media\cover-xuhui-xujiahui-3.jpg[39m
[04:40:06] [31mERROR[39m: [36mFile cover-changning-hongqiao-3.jpg for collection media is missing on the disk. Expected path: E:\wt10b\payload-office-platform\media\cover-changning-hongqiao-3.jpg[39m
[04:40:07] [31mERROR[39m: [36mFile cover-west-nanjing-premium-center-3.jpg for collection media is missing on the disk. Expected path: E:\wt10b\payload-office-platform\media\cover-west-nanjing-premium-center-3.jpg[39m
[04:40:07] [31mERROR[39m: [36mFile cover-huangpu-bund-3.jpg for collection media is missing on the disk. Expected path: E:\wt10b\payload-office-platform\media\cover-huangpu-bund-3.jpg[39m
[04:40:07] [31mERROR[39m: [36mFile cover-lujiazui-grade-a-river-view-3.jpg for collection media is missing on the disk. Expected path: E:\wt10b\payload-office-platform\media\cover-lujiazui-grade-a-river-view-3.jpg[39m
[04:40:07] [31mERROR[39m: [36mFile cover-changning-hongqiao-3.jpg for collection media is missing on the disk. Expected path: E:\wt10b\payload-office-platform\media\cover-changning-hongqiao-3.jpg[39m
[04:40:07] [31mERROR[39m: [36mFile cover-xuhui-xujiahui-3.jpg for collection media is missing on the disk. Expected path: E:\wt10b\payload-office-platform\media\cover-xuhui-xujiahui-3.jpg[39m
[04:40:08] [31mERROR[39m: [36mFile cover-lujiazui-grade-a-river-view-3.jpg for collection media is missing on the disk. Expected path: E:\wt10b\payload-office-platform\media\cover-lujiazui-grade-a-river-view-3.jpg[39m
[04:40:08] [31mERROR[39m: [36mFile cover-lujiazui-grade-a-river-view-3.jpg for collection media is missing on the disk. Expected path: E:\wt10b\payload-office-platform\media\cover-lujiazui-grade-a-river-view-3.jpg[39m
[04:40:08] [31mERROR[39m: [36mFile gallery-16.jpg for collection media is missing on the disk. Expected path: E:\wt10b\payload-office-platform\media\gallery-16.jpg[39m
[04:40:08] [31mERROR[39m: [36mFile gallery-17.jpg for collection media is missing on the disk. Expected path: E:\wt10b\payload-office-platform\media\gallery-17.jpg[39m
[04:40:08] [31mERROR[39m: [36mFile gallery-18.jpg for collection media is missing on the disk. Expected path: E:\wt10b\payload-office-platform\media\gallery-18.jpg[39m
[04:40:09] [31mERROR[39m: [36mFile cover-west-nanjing-premium-center-3.jpg for collection media is missing on the disk. Expected path: E:\wt10b\payload-office-platform\media\cover-west-nanjing-premium-center-3.jpg[39m
[04:40:09] [31mERROR[39m: [36mFile cover-lujiazui-grade-a-river-view-3.jpg for collection media is missing on the disk. Expected path: E:\wt10b\payload-office-platform\media\cover-lujiazui-grade-a-river-view-3.jpg[39m
[04:40:09] [31mERROR[39m: [36mFile cover-huangpu-bund-3.jpg for collection media is missing on the disk. Expected path: E:\wt10b\payload-office-platform\media\cover-huangpu-bund-3.jpg[39m
[04:40:09] [31mERROR[39m: [36mFile cover-xuhui-xujiahui-3.jpg for collection media is missing on the disk. Expected path: E:\wt10b\payload-office-platform\media\cover-xuhui-xujiahui-3.jpg[39m
[04:40:09] [31mERROR[39m: [36mFile cover-changning-hongqiao-3.jpg for collection media is missing on the disk. Expected path: E:\wt10b\payload-office-platform\media\cover-changning-hongqiao-3.jpg[39m
[04:40:10] [31mERROR[39m: [36mFile cover-west-nanjing-premium-center-3.jpg for collection media is missing on the disk. Expected path: E:\wt10b\payload-office-platform\media\cover-west-nanjing-premium-center-3.jpg[39m
[04:40:10] [31mERROR[39m: [36mFile cover-lujiazui-grade-a-river-view-3.jpg for collection media is missing on the disk. Expected path: E:\wt10b\payload-office-platform\media\cover-lujiazui-grade-a-river-view-3.jpg[39m
[04:40:10] [31mERROR[39m: [36mFile cover-huangpu-bund-3.jpg for collection media is missing on the disk. Expected path: E:\wt10b\payload-office-platform\media\cover-huangpu-bund-3.jpg[39m
[04:40:10] [31mERROR[39m: [36mFile cover-xuhui-xujiahui-3.jpg for collection media is missing on the disk. Expected path: E:\wt10b\payload-office-platform\media\cover-xuhui-xujiahui-3.jpg[39m
[04:40:10] [31mERROR[39m: [36mFile cover-changning-hongqiao-3.jpg for collection media is missing on the disk. Expected path: E:\wt10b\payload-office-platform\media\cover-changning-hongqiao-3.jpg[39m
[04:40:11] [31mERROR[39m: [36mFile cover-west-nanjing-premium-center-3.jpg for collection media is missing on the disk. Expected path: E:\wt10b\payload-office-platform\media\cover-west-nanjing-premium-center-3.jpg[39m
[04:40:11] [31mERROR[39m: [36mFile cover-huangpu-bund-3.jpg for collection media is missing on the disk. Expected path: E:\wt10b\payload-office-platform\media\cover-huangpu-bund-3.jpg[39m
[04:40:11] [31mERROR[39m: [36mFile cover-lujiazui-grade-a-river-view-3.jpg for collection media is missing on the disk. Expected path: E:\wt10b\payload-office-platform\media\cover-lujiazui-grade-a-river-view-3.jpg[39m
[04:40:11] [31mERROR[39m: [36mFile cover-changning-hongqiao-3.jpg for collection media is missing on the disk. Expected path: E:\wt10b\payload-office-platform\media\cover-changning-hongqiao-3.jpg[39m
[04:40:11] [31mERROR[39m: [36mFile cover-xuhui-xujiahui-3.jpg for collection media is missing on the disk. Expected path: E:\wt10b\payload-office-platform\media\cover-xuhui-xujiahui-3.jpg[39m
[04:40:11] [31mERROR[39m: [36mFile cover-lujiazui-grade-a-river-view-3.jpg for collection media is missing on the disk. Expected path: E:\wt10b\payload-office-platform\media\cover-lujiazui-grade-a-river-view-3.jpg[39m
[04:40:11] [31mERROR[39m: [36mFile cover-lujiazui-grade-a-river-view-3.jpg for collection media is missing on the disk. Expected path: E:\wt10b\payload-office-platform\media\cover-lujiazui-grade-a-river-view-3.jpg[39m
[04:40:11] [31mERROR[39m: [36mFile gallery-16.jpg for collection media is missing on the disk. Expected path: E:\wt10b\payload-office-platform\media\gallery-16.jpg[39m
[04:40:11] [31mERROR[39m: [36mFile gallery-17.jpg for collection media is missing on the disk. Expected path: E:\wt10b\payload-office-platform\media\gallery-17.jpg[39m
[04:40:11] [31mERROR[39m: [36mFile gallery-18.jpg for collection media is missing on the disk. Expected path: E:\wt10b\payload-office-platform\media\gallery-18.jpg[39m
[04:40:12] [31mERROR[39m: [36mFile cover-west-nanjing-premium-center-3.jpg for collection media is missing on the disk. Expected path: E:\wt10b\payload-office-platform\media\cover-west-nanjing-premium-center-3.jpg[39m
[04:40:12] [31mERROR[39m: [36mFile cover-lujiazui-grade-a-river-view-3.jpg for collection media is missing on the disk. Expected path: E:\wt10b\payload-office-platform\media\cover-lujiazui-grade-a-river-view-3.jpg[39m
[04:40:12] [31mERROR[39m: [36mFile cover-huangpu-bund-3.jpg for collection media is missing on the disk. Expected path: E:\wt10b\payload-office-platform\media\cover-huangpu-bund-3.jpg[39m
[04:40:12] [31mERROR[39m: [36mFile cover-xuhui-xujiahui-3.jpg for collection media is missing on the disk. Expected path: E:\wt10b\payload-office-platform\media\cover-xuhui-xujiahui-3.jpg[39m
[04:40:12] [31mERROR[39m: [36mFile cover-changning-hongqiao-3.jpg for collection media is missing on the disk. Expected path: E:\wt10b\payload-office-platform\media\cover-changning-hongqiao-3.jpg[39m
[04:40:13] [31mERROR[39m: [36mFile cover-west-nanjing-premium-center-3.jpg for collection media is missing on the disk. Expected path: E:\wt10b\payload-office-platform\media\cover-west-nanjing-premium-center-3.jpg[39m
[04:40:13] [31mERROR[39m: [36mFile cover-lujiazui-grade-a-river-view-3.jpg for collection media is missing on the disk. Expected path: E:\wt10b\payload-office-platform\media\cover-lujiazui-grade-a-river-view-3.jpg[39m
[04:40:13] [31mERROR[39m: [36mFile cover-huangpu-bund-3.jpg for collection media is missing on the disk. Expected path: E:\wt10b\payload-office-platform\media\cover-huangpu-bund-3.jpg[39m
[04:40:13] [31mERROR[39m: [36mFile cover-xuhui-xujiahui-3.jpg for collection media is missing on the disk. Expected path: E:\wt10b\payload-office-platform\media\cover-xuhui-xujiahui-3.jpg[39m
[04:40:13] [31mERROR[39m: [36mFile cover-changning-hongqiao-3.jpg for collection media is missing on the disk. Expected path: E:\wt10b\payload-office-platform\media\cover-changning-hongqiao-3.jpg[39m
[04:40:14] [31mERROR[39m: [36mFile cover-west-nanjing-premium-center-3.jpg for collection media is missing on the disk. Expected path: E:\wt10b\payload-office-platform\media\cover-west-nanjing-premium-center-3.jpg[39m
[04:40:14] [31mERROR[39m: [36mFile cover-huangpu-bund-3.jpg for collection media is missing on the disk. Expected path: E:\wt10b\payload-office-platform\media\cover-huangpu-bund-3.jpg[39m
[04:40:14] [31mERROR[39m: [36mFile cover-lujiazui-grade-a-river-view-3.jpg for collection media is missing on the disk. Expected path: E:\wt10b\payload-office-platform\media\cover-lujiazui-grade-a-river-view-3.jpg[39m
[04:40:14] [31mERROR[39m: [36mFile cover-changning-hongqiao-3.jpg for collection media is missing on the disk. Expected path: E:\wt10b\payload-office-platform\media\cover-changning-hongqiao-3.jpg[39m
[04:40:14] [31mERROR[39m: [36mFile cover-xuhui-xujiahui-3.jpg for collection media is missing on the disk. Expected path: E:\wt10b\payload-office-platform\media\cover-xuhui-xujiahui-3.jpg[39m
[04:40:14] [31mERROR[39m: [36mFile cover-lujiazui-grade-a-river-view-3.jpg for collection media is missing on the disk. Expected path: E:\wt10b\payload-office-platform\media\cover-lujiazui-grade-a-river-view-3.jpg[39m
[04:40:14] [31mERROR[39m: [36mFile cover-lujiazui-grade-a-river-view-3.jpg for collection media is missing on the disk. Expected path: E:\wt10b\payload-office-platform\media\cover-lujiazui-grade-a-river-view-3.jpg[39m
[04:40:14] [31mERROR[39m: [36mFile gallery-16.jpg for collection media is missing on the disk. Expected path: E:\wt10b\payload-office-platform\media\gallery-16.jpg[39m
[04:40:14] [31mERROR[39m: [36mFile gallery-17.jpg for collection media is missing on the disk. Expected path: E:\wt10b\payload-office-platform\media\gallery-17.jpg[39m
[04:40:14] [31mERROR[39m: [36mFile gallery-18.jpg for collection media is missing on the disk. Expected path: E:\wt10b\payload-office-platform\media\gallery-18.jpg[39m
[04:40:15] [31mERROR[39m: [36mFile cover-west-nanjing-premium-center-3.jpg for collection media is missing on the disk. Expected path: E:\wt10b\payload-office-platform\media\cover-west-nanjing-premium-center-3.jpg[39m
[04:40:15] [31mERROR[39m: [36mFile cover-lujiazui-grade-a-river-view-3.jpg for collection media is missing on the disk. Expected path: E:\wt10b\payload-office-platform\media\cover-lujiazui-grade-a-river-view-3.jpg[39m
[04:40:15] [31mERROR[39m: [36mFile cover-huangpu-bund-3.jpg for collection media is missing on the disk. Expected path: E:\wt10b\payload-office-platform\media\cover-huangpu-bund-3.jpg[39m
[04:40:15] [31mERROR[39m: [36mFile cover-xuhui-xujiahui-3.jpg for collection media is missing on the disk. Expected path: E:\wt10b\payload-office-platform\media\cover-xuhui-xujiahui-3.jpg[39m
[04:40:15] [31mERROR[39m: [36mFile cover-changning-hongqiao-3.jpg for collection media is missing on the disk. Expected path: E:\wt10b\payload-office-platform\media\cover-changning-hongqiao-3.jpg[39m
[04:40:16] [31mERROR[39m: [36mFile cover-west-nanjing-premium-center-3.jpg for collection media is missing on the disk. Expected path: E:\wt10b\payload-office-platform\media\cover-west-nanjing-premium-center-3.jpg[39m
[04:40:16] [31mERROR[39m: [36mFile cover-lujiazui-grade-a-river-view-3.jpg for collection media is missing on the disk. Expected path: E:\wt10b\payload-office-platform\media\cover-lujiazui-grade-a-river-view-3.jpg[39m
[04:40:16] [31mERROR[39m: [36mFile cover-huangpu-bund-3.jpg for collection media is missing on the disk. Expected path: E:\wt10b\payload-office-platform\media\cover-huangpu-bund-3.jpg[39m
[04:40:16] [31mERROR[39m: [36mFile cover-xuhui-xujiahui-3.jpg for collection media is missing on the disk. Expected path: E:\wt10b\payload-office-platform\media\cover-xuhui-xujiahui-3.jpg[39m
[04:40:16] [31mERROR[39m: [36mFile cover-changning-hongqiao-3.jpg for collection media is missing on the disk. Expected path: E:\wt10b\payload-office-platform\media\cover-changning-hongqiao-3.jpg[39m
[04:40:17] [31mERROR[39m: [36mFile cover-west-nanjing-premium-center-3.jpg for collection media is missing on the disk. Expected path: E:\wt10b\payload-office-platform\media\cover-west-nanjing-premium-center-3.jpg[39m
[04:40:17] [31mERROR[39m: [36mFile cover-huangpu-bund-3.jpg for collection media is missing on the disk. Expected path: E:\wt10b\payload-office-platform\media\cover-huangpu-bund-3.jpg[39m
[04:40:17] [31mERROR[39m: [36mFile cover-lujiazui-grade-a-river-view-3.jpg for collection media is missing on the disk. Expected path: E:\wt10b\payload-office-platform\media\cover-lujiazui-grade-a-river-view-3.jpg[39m
[04:40:17] [31mERROR[39m: [36mFile cover-changning-hongqiao-3.jpg for collection media is missing on the disk. Expected path: E:\wt10b\payload-office-platform\media\cover-changning-hongqiao-3.jpg[39m
[04:40:17] [31mERROR[39m: [36mFile cover-xuhui-xujiahui-3.jpg for collection media is missing on the disk. Expected path: E:\wt10b\payload-office-platform\media\cover-xuhui-xujiahui-3.jpg[39m
[04:40:17] [31mERROR[39m: [36mFile cover-lujiazui-grade-a-river-view-3.jpg for collection media is missing on the disk. Expected path: E:\wt10b\payload-office-platform\media\cover-lujiazui-grade-a-river-view-3.jpg[39m
[04:40:17] [31mERROR[39m: [36mFile cover-lujiazui-grade-a-river-view-3.jpg for collection media is missing on the disk. Expected path: E:\wt10b\payload-office-platform\media\cover-lujiazui-grade-a-river-view-3.jpg[39m
[04:40:17] [31mERROR[39m: [36mFile gallery-16.jpg for collection media is missing on the disk. Expected path: E:\wt10b\payload-office-platform\media\gallery-16.jpg[39m
[04:40:17] [31mERROR[39m: [36mFile gallery-17.jpg for collection media is missing on the disk. Expected path: E:\wt10b\payload-office-platform\media\gallery-17.jpg[39m
[04:40:17] [31mERROR[39m: [36mFile gallery-18.jpg for collection media is missing on the disk. Expected path: E:\wt10b\payload-office-platform\media\gallery-18.jpg[39m
[04:40:19] [31mERROR[39m: [36mFile cover-west-nanjing-premium-center-3.jpg for collection media is missing on the disk. Expected path: E:\wt10b\payload-office-platform\media\cover-west-nanjing-premium-center-3.jpg[39m
[04:40:19] [31mERROR[39m: [36mFile cover-lujiazui-grade-a-river-view-3.jpg for collection media is missing on the disk. Expected path: E:\wt10b\payload-office-platform\media\cover-lujiazui-grade-a-river-view-3.jpg[39m
[04:40:19] [31mERROR[39m: [36mFile cover-huangpu-bund-3.jpg for collection media is missing on the disk. Expected path: E:\wt10b\payload-office-platform\media\cover-huangpu-bund-3.jpg[39m
[04:40:19] [31mERROR[39m: [36mFile cover-xuhui-xujiahui-3.jpg for collection media is missing on the disk. Expected path: E:\wt10b\payload-office-platform\media\cover-xuhui-xujiahui-3.jpg[39m
[04:40:19] [31mERROR[39m: [36mFile cover-changning-hongqiao-3.jpg for collection media is missing on the disk. Expected path: E:\wt10b\payload-office-platform\media\cover-changning-hongqiao-3.jpg[39m
[04:40:20] [31mERROR[39m: [36mFile cover-west-nanjing-premium-center-3.jpg for collection media is missing on the disk. Expected path: E:\wt10b\payload-office-platform\media\cover-west-nanjing-premium-center-3.jpg[39m
[04:40:20] [31mERROR[39m: [36mFile cover-lujiazui-grade-a-river-view-3.jpg for collection media is missing on the disk. Expected path: E:\wt10b\payload-office-platform\media\cover-lujiazui-grade-a-river-view-3.jpg[39m
[04:40:20] [31mERROR[39m: [36mFile cover-huangpu-bund-3.jpg for collection media is missing on the disk. Expected path: E:\wt10b\payload-office-platform\media\cover-huangpu-bund-3.jpg[39m
[04:40:20] [31mERROR[39m: [36mFile cover-xuhui-xujiahui-3.jpg for collection media is missing on the disk. Expected path: E:\wt10b\payload-office-platform\media\cover-xuhui-xujiahui-3.jpg[39m
[04:40:20] [31mERROR[39m: [36mFile cover-changning-hongqiao-3.jpg for collection media is missing on the disk. Expected path: E:\wt10b\payload-office-platform\media\cover-changning-hongqiao-3.jpg[39m
[04:40:21] [31mERROR[39m: [36mFile cover-west-nanjing-premium-center-3.jpg for collection media is missing on the disk. Expected path: E:\wt10b\payload-office-platform\media\cover-west-nanjing-premium-center-3.jpg[39m
[04:40:21] [31mERROR[39m: [36mFile cover-huangpu-bund-3.jpg for collection media is missing on the disk. Expected path: E:\wt10b\payload-office-platform\media\cover-huangpu-bund-3.jpg[39m
[04:40:21] [31mERROR[39m: [36mFile cover-lujiazui-grade-a-river-view-3.jpg for collection media is missing on the disk. Expected path: E:\wt10b\payload-office-platform\media\cover-lujiazui-grade-a-river-view-3.jpg[39m
[04:40:21] [31mERROR[39m: [36mFile cover-changning-hongqiao-3.jpg for collection media is missing on the disk. Expected path: E:\wt10b\payload-office-platform\media\cover-changning-hongqiao-3.jpg[39m
[04:40:21] [31mERROR[39m: [36mFile cover-xuhui-xujiahui-3.jpg for collection media is missing on the disk. Expected path: E:\wt10b\payload-office-platform\media\cover-xuhui-xujiahui-3.jpg[39m
[04:40:21] [31mERROR[39m: [36mFile cover-lujiazui-grade-a-river-view-3.jpg for collection media is missing on the disk. Expected path: E:\wt10b\payload-office-platform\media\cover-lujiazui-grade-a-river-view-3.jpg[39m
[04:40:21] [31mERROR[39m: [36mFile cover-lujiazui-grade-a-river-view-3.jpg for collection media is missing on the disk. Expected path: E:\wt10b\payload-office-platform\media\cover-lujiazui-grade-a-river-view-3.jpg[39m
[04:40:21] [31mERROR[39m: [36mFile gallery-16.jpg for collection media is missing on the disk. Expected path: E:\wt10b\payload-office-platform\media\gallery-16.jpg[39m
[04:40:21] [31mERROR[39m: [36mFile gallery-17.jpg for collection media is missing on the disk. Expected path: E:\wt10b\payload-office-platform\media\gallery-17.jpg[39m
[04:40:21] [31mERROR[39m: [36mFile gallery-18.jpg for collection media is missing on the disk. Expected path: E:\wt10b\payload-office-platform\media\gallery-18.jpg[39m
[04:40:23] [31mERROR[39m: [36mFile cover-west-nanjing-premium-center-3.jpg for collection media is missing on the disk. Expected path: E:\wt10b\payload-office-platform\media\cover-west-nanjing-premium-center-3.jpg[39m
[04:40:23] [31mERROR[39m: [36mFile cover-lujiazui-grade-a-river-view-3.jpg for collection media is missing on the disk. Expected path: E:\wt10b\payload-office-platform\media\cover-lujiazui-grade-a-river-view-3.jpg[39m
[04:40:23] [31mERROR[39m: [36mFile cover-huangpu-bund-3.jpg for collection media is missing on the disk. Expected path: E:\wt10b\payload-office-platform\media\cover-huangpu-bund-3.jpg[39m
[04:40:23] [31mERROR[39m: [36mFile cover-xuhui-xujiahui-3.jpg for collection media is missing on the disk. Expected path: E:\wt10b\payload-office-platform\media\cover-xuhui-xujiahui-3.jpg[39m
[04:40:23] [31mERROR[39m: [36mFile cover-changning-hongqiao-3.jpg for collection media is missing on the disk. Expected path: E:\wt10b\payload-office-platform\media\cover-changning-hongqiao-3.jpg[39m
[04:40:23] [31mERROR[39m: [36mFile cover-west-nanjing-premium-center-3.jpg for collection media is missing on the disk. Expected path: E:\wt10b\payload-office-platform\media\cover-west-nanjing-premium-center-3.jpg[39m
[04:40:23] [31mERROR[39m: [36mFile cover-lujiazui-grade-a-river-view-3.jpg for collection media is missing on the disk. Expected path: E:\wt10b\payload-office-platform\media\cover-lujiazui-grade-a-river-view-3.jpg[39m
[04:40:23] [31mERROR[39m: [36mFile cover-huangpu-bund-3.jpg for collection media is missing on the disk. Expected path: E:\wt10b\payload-office-platform\media\cover-huangpu-bund-3.jpg[39m
[04:40:23] [31mERROR[39m: [36mFile cover-xuhui-xujiahui-3.jpg for collection media is missing on the disk. Expected path: E:\wt10b\payload-office-platform\media\cover-xuhui-xujiahui-3.jpg[39m
[04:40:23] [31mERROR[39m: [36mFile cover-changning-hongqiao-3.jpg for collection media is missing on the disk. Expected path: E:\wt10b\payload-office-platform\media\cover-changning-hongqiao-3.jpg[39m
[04:40:24] [31mERROR[39m: [36mFile cover-west-nanjing-premium-center-3.jpg for collection media is missing on the disk. Expected path: E:\wt10b\payload-office-platform\media\cover-west-nanjing-premium-center-3.jpg[39m
[04:40:24] [31mERROR[39m: [36mFile cover-huangpu-bund-3.jpg for collection media is missing on the disk. Expected path: E:\wt10b\payload-office-platform\media\cover-huangpu-bund-3.jpg[39m
[04:40:24] [31mERROR[39m: [36mFile cover-lujiazui-grade-a-river-view-3.jpg for collection media is missing on the disk. Expected path: E:\wt10b\payload-office-platform\media\cover-lujiazui-grade-a-river-view-3.jpg[39m
[04:40:24] [31mERROR[39m: [36mFile cover-changning-hongqiao-3.jpg for collection media is missing on the disk. Expected path: E:\wt10b\payload-office-platform\media\cover-changning-hongqiao-3.jpg[39m
[04:40:24] [31mERROR[39m: [36mFile cover-xuhui-xujiahui-3.jpg for collection media is missing on the disk. Expected path: E:\wt10b\payload-office-platform\media\cover-xuhui-xujiahui-3.jpg[39m
[04:40:24] [31mERROR[39m: [36mFile cover-lujiazui-grade-a-river-view-3.jpg for collection media is missing on the disk. Expected path: E:\wt10b\payload-office-platform\media\cover-lujiazui-grade-a-river-view-3.jpg[39m
[04:40:24] [31mERROR[39m: [36mFile cover-lujiazui-grade-a-river-view-3.jpg for collection media is missing on the disk. Expected path: E:\wt10b\payload-office-platform\media\cover-lujiazui-grade-a-river-view-3.jpg[39m
[04:40:24] [31mERROR[39m: [36mFile gallery-16.jpg for collection media is missing on the disk. Expected path: E:\wt10b\payload-office-platform\media\gallery-16.jpg[39m
[04:40:24] [31mERROR[39m: [36mFile gallery-17.jpg for collection media is missing on the disk. Expected path: E:\wt10b\payload-office-platform\media\gallery-17.jpg[39m
[04:40:24] [31mERROR[39m: [36mFile gallery-18.jpg for collection media is missing on the disk. Expected path: E:\wt10b\payload-office-platform\media\gallery-18.jpg[39m
[04:40:26] [31mERROR[39m: [36mFile cover-west-nanjing-premium-center-3.jpg for collection media is missing on the disk. Expected path: E:\wt10b\payload-office-platform\media\cover-west-nanjing-premium-center-3.jpg[39m
[04:40:26] [31mERROR[39m: [36mFile cover-lujiazui-grade-a-river-view-3.jpg for collection media is missing on the disk. Expected path: E:\wt10b\payload-office-platform\media\cover-lujiazui-grade-a-river-view-3.jpg[39m
[04:40:26] [31mERROR[39m: [36mFile cover-huangpu-bund-3.jpg for collection media is missing on the disk. Expected path: E:\wt10b\payload-office-platform\media\cover-huangpu-bund-3.jpg[39m
[04:40:26] [31mERROR[39m: [36mFile cover-xuhui-xujiahui-3.jpg for collection media is missing on the disk. Expected path: E:\wt10b\payload-office-platform\media\cover-xuhui-xujiahui-3.jpg[39m
[04:40:26] [31mERROR[39m: [36mFile cover-changning-hongqiao-3.jpg for collection media is missing on the disk. Expected path: E:\wt10b\payload-office-platform\media\cover-changning-hongqiao-3.jpg[39m
[04:40:26] [31mERROR[39m: [36mFile cover-west-nanjing-premium-center-3.jpg for collection media is missing on the disk. Expected path: E:\wt10b\payload-office-platform\media\cover-west-nanjing-premium-center-3.jpg[39m
[04:40:26] [31mERROR[39m: [36mFile cover-lujiazui-grade-a-river-view-3.jpg for collection media is missing on the disk. Expected path: E:\wt10b\payload-office-platform\media\cover-lujiazui-grade-a-river-view-3.jpg[39m
[04:40:26] [31mERROR[39m: [36mFile cover-huangpu-bund-3.jpg for collection media is missing on the disk. Expected path: E:\wt10b\payload-office-platform\media\cover-huangpu-bund-3.jpg[39m
[04:40:26] [31mERROR[39m: [36mFile cover-xuhui-xujiahui-3.jpg for collection media is missing on the disk. Expected path: E:\wt10b\payload-office-platform\media\cover-xuhui-xujiahui-3.jpg[39m
[04:40:26] [31mERROR[39m: [36mFile cover-changning-hongqiao-3.jpg for collection media is missing on the disk. Expected path: E:\wt10b\payload-office-platform\media\cover-changning-hongqiao-3.jpg[39m
[04:40:27] [31mERROR[39m: [36mFile cover-west-nanjing-premium-center-3.jpg for collection media is missing on the disk. Expected path: E:\wt10b\payload-office-platform\media\cover-west-nanjing-premium-center-3.jpg[39m
[04:40:27] [31mERROR[39m: [36mFile cover-huangpu-bund-3.jpg for collection media is missing on the disk. Expected path: E:\wt10b\payload-office-platform\media\cover-huangpu-bund-3.jpg[39m
[04:40:27] [31mERROR[39m: [36mFile cover-lujiazui-grade-a-river-view-3.jpg for collection media is missing on the disk. Expected path: E:\wt10b\payload-office-platform\media\cover-lujiazui-grade-a-river-view-3.jpg[39m
[04:40:27] [31mERROR[39m: [36mFile cover-changning-hongqiao-3.jpg for collection media is missing on the disk. Expected path: E:\wt10b\payload-office-platform\media\cover-changning-hongqiao-3.jpg[39m
[04:40:27] [31mERROR[39m: [36mFile cover-xuhui-xujiahui-3.jpg for collection media is missing on the disk. Expected path: E:\wt10b\payload-office-platform\media\cover-xuhui-xujiahui-3.jpg[39m
[04:40:27] [31mERROR[39m: [36mFile cover-lujiazui-grade-a-river-view-3.jpg for collection media is missing on the disk. Expected path: E:\wt10b\payload-office-platform\media\cover-lujiazui-grade-a-river-view-3.jpg[39m
[04:40:27] [31mERROR[39m: [36mFile cover-lujiazui-grade-a-river-view-3.jpg for collection media is missing on the disk. Expected path: E:\wt10b\payload-office-platform\media\cover-lujiazui-grade-a-river-view-3.jpg[39m
[04:40:27] [31mERROR[39m: [36mFile gallery-16.jpg for collection media is missing on the disk. Expected path: E:\wt10b\payload-office-platform\media\gallery-16.jpg[39m
[04:40:27] [31mERROR[39m: [36mFile gallery-17.jpg for collection media is missing on the disk. Expected path: E:\wt10b\payload-office-platform\media\gallery-17.jpg[39m
[04:40:27] [31mERROR[39m: [36mFile gallery-18.jpg for collection media is missing on the disk. Expected path: E:\wt10b\payload-office-platform\media\gallery-18.jpg[39m
[04:40:29] [31mERROR[39m: [36mFile cover-west-nanjing-premium-center-3.jpg for collection media is missing on the disk. Expected path: E:\wt10b\payload-office-platform\media\cover-west-nanjing-premium-center-3.jpg[39m
[04:40:29] [31mERROR[39m: [36mFile cover-lujiazui-grade-a-river-view-3.jpg for collection media is missing on the disk. Expected path: E:\wt10b\payload-office-platform\media\cover-lujiazui-grade-a-river-view-3.jpg[39m
[04:40:29] [31mERROR[39m: [36mFile cover-huangpu-bund-3.jpg for collection media is missing on the disk. Expected path: E:\wt10b\payload-office-platform\media\cover-huangpu-bund-3.jpg[39m
[04:40:29] [31mERROR[39m: [36mFile cover-xuhui-xujiahui-3.jpg for collection media is missing on the disk. Expected path: E:\wt10b\payload-office-platform\media\cover-xuhui-xujiahui-3.jpg[39m
[04:40:29] [31mERROR[39m: [36mFile cover-changning-hongqiao-3.jpg for collection media is missing on the disk. Expected path: E:\wt10b\payload-office-platform\media\cover-changning-hongqiao-3.jpg[39m
[04:40:29] [31mERROR[39m: [36mFile cover-west-nanjing-premium-center-3.jpg for collection media is missing on the disk. Expected path: E:\wt10b\payload-office-platform\media\cover-west-nanjing-premium-center-3.jpg[39m
[04:40:29] [31mERROR[39m: [36mFile cover-lujiazui-grade-a-river-view-3.jpg for collection media is missing on the disk. Expected path: E:\wt10b\payload-office-platform\media\cover-lujiazui-grade-a-river-view-3.jpg[39m
[04:40:29] [31mERROR[39m: [36mFile cover-huangpu-bund-3.jpg for collection media is missing on the disk. Expected path: E:\wt10b\payload-office-platform\media\cover-huangpu-bund-3.jpg[39m
[04:40:29] [31mERROR[39m: [36mFile cover-xuhui-xujiahui-3.jpg for collection media is missing on the disk. Expected path: E:\wt10b\payload-office-platform\media\cover-xuhui-xujiahui-3.jpg[39m
[04:40:29] [31mERROR[39m: [36mFile cover-changning-hongqiao-3.jpg for collection media is missing on the disk. Expected path: E:\wt10b\payload-office-platform\media\cover-changning-hongqiao-3.jpg[39m
[04:40:30] [31mERROR[39m: [36mFile cover-west-nanjing-premium-center-3.jpg for collection media is missing on the disk. Expected path: E:\wt10b\payload-office-platform\media\cover-west-nanjing-premium-center-3.jpg[39m
[04:40:30] [31mERROR[39m: [36mFile cover-huangpu-bund-3.jpg for collection media is missing on the disk. Expected path: E:\wt10b\payload-office-platform\media\cover-huangpu-bund-3.jpg[39m
[04:40:30] [31mERROR[39m: [36mFile cover-lujiazui-grade-a-river-view-3.jpg for collection media is missing on the disk. Expected path: E:\wt10b\payload-office-platform\media\cover-lujiazui-grade-a-river-view-3.jpg[39m
[04:40:30] [31mERROR[39m: [36mFile cover-changning-hongqiao-3.jpg for collection media is missing on the disk. Expected path: E:\wt10b\payload-office-platform\media\cover-changning-hongqiao-3.jpg[39m
[04:40:30] [31mERROR[39m: [36mFile cover-xuhui-xujiahui-3.jpg for collection media is missing on the disk. Expected path: E:\wt10b\payload-office-platform\media\cover-xuhui-xujiahui-3.jpg[39m
[04:40:30] [31mERROR[39m: [36mFile cover-lujiazui-grade-a-river-view-3.jpg for collection media is missing on the disk. Expected path: E:\wt10b\payload-office-platform\media\cover-lujiazui-grade-a-river-view-3.jpg[39m
[04:40:30] [31mERROR[39m: [36mFile cover-lujiazui-grade-a-river-view-3.jpg for collection media is missing on the disk. Expected path: E:\wt10b\payload-office-platform\media\cover-lujiazui-grade-a-river-view-3.jpg[39m
[04:40:30] [31mERROR[39m: [36mFile gallery-16.jpg for collection media is missing on the disk. Expected path: E:\wt10b\payload-office-platform\media\gallery-16.jpg[39m
[04:40:30] [31mERROR[39m: [36mFile gallery-17.jpg for collection media is missing on the disk. Expected path: E:\wt10b\payload-office-platform\media\gallery-17.jpg[39m
[04:40:30] [31mERROR[39m: [36mFile gallery-18.jpg for collection media is missing on the disk. Expected path: E:\wt10b\payload-office-platform\media\gallery-18.jpg[39m
