 WARN  Unsupported engine: wanted: {"node":"22.x"} (current: {"node":"v24.14.0","pnpm":"8.6.1"})

> payload-office-platform@0.1.0 build /Users/liujiayuan/App/sbh/payload-office-platform
> next build

▲ Next.js 16.2.10 (Turbopack)
- Environments: .env.production.local, .env.local
- Experiments (use with caution):
  ⨯ turbopackServerFastRefresh

  Creating an optimized production build ...
✓ Compiled successfully in 10.6s
  Running TypeScript ...
  Finished TypeScript in 7.4s ...
  Collecting page data using 13 workers ...
  Generating static pages using 13 workers (0/24) ...
  Generating static pages using 13 workers (6/24) 
  Generating static pages using 13 workers (12/24) 
  Generating static pages using 13 workers (18/24) 
✓ Generating static pages using 13 workers (24/24) in 160ms
  Finalizing page optimization ...

Route (app)
┌ ƒ /
├ ○ /_not-found
├ ƒ /[city]
├ ƒ /[city]/[...rest]
├ ƒ /[city]/buildings
├ ƒ /[city]/buildings/[slug]
├ ƒ /[city]/coworking
├ ƒ /[city]/listings
├ ƒ /[city]/listings/[slug]
├ ƒ /[city]/sale
├ ƒ /account
├ ƒ /account/favorites
├ ƒ /admin/[[...segments]]
├ ƒ /api/[...slug]
├ ƒ /api/city-partner-applications
├ ƒ /api/city-partner-applications/details
├ ƒ /api/corrections
├ ƒ /api/graphql
├ ƒ /api/graphql-playground
├ ƒ /api/health
├ ƒ /api/inquiries
├ ƒ /api/inquiries/demand
├ ƒ /api/member/favorites
├ ƒ /api/member/favorites/merge
├ ƒ /api/member/login/password
├ ƒ /api/member/login/sms
├ ƒ /api/member/logout
├ ƒ /api/member/me
├ ƒ /api/member/password
├ ƒ /api/member/profile
├ ƒ /api/member/sms/send
├ ƒ /api/observability/sli
├ ƒ /api/routes
├ ƒ /api/supply-submissions
├ ƒ /api/watermark-preview
├ ƒ /api/watermark-rebake
├ ○ /apple-icon.png
├ ƒ /buildings
├ ƒ /buildings/[slug]
├ ƒ /city-partner
├ ƒ /coworking
├ ƒ /dev-story
├ ƒ /dev-story/building-detail-demo
├ ƒ /dev-story/opt036
├ ƒ /dev-story/opt037
├ ƒ /dev-story/opt038
├ ƒ /entrust
├ ○ /icon.svg
├ ƒ /listings
├ ƒ /listings/[slug]
├ ƒ /login
├ ƒ /login/reset
├ ƒ /news
├ ƒ /news/[slug]
├ ƒ /pages/[slug]
├ ƒ /pages/privacy
├ ƒ /publish
├ ○ /robots.txt
├ ƒ /sale
└ ƒ /sitemap.xml


ƒ Proxy (Middleware)

○  (Static)   prerendered as static content
ƒ  (Dynamic)  server-rendered on demand

