
Running 29 tests using 1 worker

  ok  1 [chromium] › tests\e2e\detail-pages.spec.ts:96:3 › 房源详情 P0 › 旧详情和错误城市详情遵循精确所有权 (650ms)
  ok  2 [chromium] › tests\e2e\detail-pages.spec.ts:111:3 › 房源详情 P0 › 有效房源按决策顺序展示概况和咨询入口 (665ms)
  ok  3 [chromium] › tests\e2e\detail-pages.spec.ts:126:3 › 房源详情 P0 › 存在但待复核的已发布房源仍统一返回 404 (442ms)
  ok  4 [chromium] › tests\e2e\detail-pages.spec.ts:152:3 › 房源详情 P0 › 价格面议房源不显示零元且窄屏没有水平溢出 (677ms)
  ok  5 [chromium] › tests\e2e\detail-pages.spec.ts:172:5 › 房源详情 P0 › 房源详情在 375px 无横向溢出，移动操作栏不遮挡内容 (1.1s)
  ok  6 [chromium] › tests\e2e\detail-pages.spec.ts:172:5 › 房源详情 P0 › 房源详情在 768px 无横向溢出，移动操作栏不遮挡内容 (556ms)
  ok  7 [chromium] › tests\e2e\detail-pages.spec.ts:172:5 › 房源详情 P0 › 房源详情在 1440px 无横向溢出，移动操作栏不遮挡内容 (613ms)
  ok  8 [chromium] › tests\e2e\detail-pages.spec.ts:172:5 › 房源详情 P0 › 房源详情在 1920px 无横向溢出，移动操作栏不遮挡内容 (671ms)
  ok  9 [chromium] › tests\e2e\detail-pages.spec.ts:190:3 › 房源详情 P0 › 图片加载失败时在对应图库项显示稳定兜底 (640ms)
  ok 10 [chromium] › tests\e2e\detail-pages.spec.ts:214:3 › 房源详情 P0 › 图片在 hydration 之前就加载失败时同样显示兜底 (541ms)
  ok 11 [chromium] › tests\e2e\detail-pages.spec.ts:227:3 › 房源详情 P0 › 媒体画廊支持全屏、左右键、Escape 和焦点归还 (760ms)
  ok 12 [chromium] › tests\e2e\detail-pages.spec.ts:252:3 › 房源详情 P0 › 视频对话框的原生控件参与双向焦点循环 (739ms)
  ok 13 [chromium] › tests\e2e\detail-pages.spec.ts:279:3 › 房源详情 P0 › 详情画廊遵守减少动效偏好 (613ms)
  ok 14 [chromium] › tests\e2e\detail-pages.spec.ts:304:3 › 楼盘详情 P0 › 楼盘页按有效供给显示在租房源表格 (629ms)
  ok 15 [chromium] › tests\e2e\detail-pages.spec.ts:322:3 › 楼盘详情 P0 › 楼盘供给分桶筛选默认全选且切换后进 URL (911ms)
  ok 16 [chromium] › tests\e2e\detail-pages.spec.ts:356:3 › 楼盘详情 P0 › 楼盘供给筛到空结果时筛选控件仍在且可取消 (959ms)
  ok 17 [chromium] › tests\e2e\detail-pages.spec.ts:374:3 › 楼盘详情 P0 › empty-building exposes the no-public-supply state (683ms)
  ok 18 [chromium] › tests\e2e\detail-pages.spec.ts:386:3 › 楼盘详情 P0 › 待复核房源不进入楼盘公开供给 (575ms)
  ok 19 [chromium] › tests\e2e\detail-pages.spec.ts:394:3 › 楼盘详情 P0 › 楼盘详情供给聚合和列表使用同一 asOf 快照 (619ms)
  ok 20 [chromium] › tests\e2e\detail-pages.spec.ts:406:3 › 楼盘详情 P0 › 桌面楼盘供给默认紧凑表格且无视图切换 (639ms)
  ok 21 [chromium] › tests\e2e\detail-pages.spec.ts:415:3 › 楼盘详情 P0 › 桌面有供给楼盘首屏提供唯一可见咨询入口 (646ms)
  ok 22 [chromium] › tests\e2e\detail-pages.spec.ts:425:3 › 楼盘详情 P0 › 窄屏楼盘供给始终使用卡片 (576ms)
  ok 23 [chromium] › tests\e2e\detail-pages.spec.ts:441:3 › 楼盘详情 P0 › 筛选 pill 视觉 32 / 命中盒 44 且不被横滑容器裁掉 (567ms)
  ok 24 [chromium] › tests\e2e\detail-pages.spec.ts:468:3 › 楼盘详情 P0 › 供给行高不低于稿子的 56 (629ms)
  ok 25 [chromium] › tests\e2e\detail-pages.spec.ts:479:3 › 楼盘详情 P0 › 供给区 footer 同时给出未过滤总数、当前筛选数与快照日期 (576ms)
  ok 26 [chromium] › tests\e2e\detail-pages.spec.ts:490:5 › 楼盘详情 P0 › 楼盘详情在 375px 无横向溢出 (1.1s)
  ok 27 [chromium] › tests\e2e\detail-pages.spec.ts:490:5 › 楼盘详情 P0 › 楼盘详情在 768px 无横向溢出 (587ms)
  ok 28 [chromium] › tests\e2e\detail-pages.spec.ts:490:5 › 楼盘详情 P0 › 楼盘详情在 1440px 无横向溢出 (607ms)
  ok 29 [chromium] › tests\e2e\detail-pages.spec.ts:490:5 › 楼盘详情 P0 › 楼盘详情在 1920px 无横向溢出 (626ms)

  29 passed (20.9s)
