▲ Next.js 16.2.10
- Local:         http://localhost:3805
- Network:       http://198.18.0.1:3805
✓ Ready in 231ms
[01:42:46] [33mWARN[39m: [36mNo email adapter provided. Email will be written to console. More info at https://payloadcms.com/docs/email/overview.[39m
[01:45:47] [31mERROR[39m: [36m您无权执行此操作。[39m
    err: {
      "type": "e",
      "message": "您无权执行此操作。",
      "stack":
          e: 您无权执行此操作。
              at F (E:\github\sbh\payload-office-platform\.next\server\chunks\ssr\node_modules__pnpm_0vy3l_w._.js:155:45206)
              at process.processTicksAndRejections (node:internal/process/task_queues:104:5)
              at async O (E:\github\sbh\payload-office-platform\.next\server\chunks\ssr\node_modules__pnpm_0vy3l_w._.js:155:45826)
              at async h (E:\github\sbh\payload-office-platform\.next\server\chunks\node_modules__pnpm_158swtm._.js:1:18439)
              at async E:\github\sbh\payload-office-platform\.next\server\chunks\node_modules__pnpm_0wwnffj._.js:1:8809
              at async rJ.do (E:\github\sbh\payload-office-platform\node_modules\.pnpm\next@16.2.10_@babel+core@7.29.7_@playwright+test@1.61.1_react-dom@19.2.0_react@19.2.0\node_modules\next\dist\compiled\next-server\app-route-turbo.runtime.prod.js:5:20930)
              at async rJ.handle (E:\github\sbh\payload-office-platform\node_modules\.pnpm\next@16.2.10_@babel+core@7.29.7_@playwright+test@1.61.1_react-dom@19.2.0_react@19.2.0\node_modules\next\dist\compiled\next-server\app-route-turbo.runtime.prod.js:5:25785)
              at async u (E:\github\sbh\payload-office-platform\.next\server\chunks\[root-of-the-server]__0uz6u5r._.js:1:17585)
              at async rJ.handleResponse (E:\github\sbh\payload-office-platform\node_modules\.pnpm\next@16.2.10_@babel+core@7.29.7_@playwright+test@1.61.1_react-dom@19.2.0_react@19.2.0\node_modules\next\dist\compiled\next-server\app-route-turbo.runtime.prod.js:1:119701)
              at async l (E:\github\sbh\payload-office-platform\.next\server\chunks\[root-of-the-server]__0uz6u5r._.js:1:18626)
      "data": null,
      "isOperational": true,
      "isPublic": true,
      "status": 403,
      "name": "e"
    }
[01:45:47] [31mERROR[39m: [36m您无权执行此操作。[39m
    err: {
      "type": "e",
      "message": "您无权执行此操作。",
      "stack":
          e: 您无权执行此操作。
              at F (E:\github\sbh\payload-office-platform\.next\server\chunks\ssr\node_modules__pnpm_0vy3l_w._.js:155:45206)
              at process.processTicksAndRejections (node:internal/process/task_queues:104:5)
              at async O (E:\github\sbh\payload-office-platform\.next\server\chunks\ssr\node_modules__pnpm_0vy3l_w._.js:155:45826)
              at async h (E:\github\sbh\payload-office-platform\.next\server\chunks\node_modules__pnpm_158swtm._.js:1:18439)
              at async E:\github\sbh\payload-office-platform\.next\server\chunks\node_modules__pnpm_0wwnffj._.js:1:8809
              at async rJ.do (E:\github\sbh\payload-office-platform\node_modules\.pnpm\next@16.2.10_@babel+core@7.29.7_@playwright+test@1.61.1_react-dom@19.2.0_react@19.2.0\node_modules\next\dist\compiled\next-server\app-route-turbo.runtime.prod.js:5:20930)
              at async rJ.handle (E:\github\sbh\payload-office-platform\node_modules\.pnpm\next@16.2.10_@babel+core@7.29.7_@playwright+test@1.61.1_react-dom@19.2.0_react@19.2.0\node_modules\next\dist\compiled\next-server\app-route-turbo.runtime.prod.js:5:25785)
              at async u (E:\github\sbh\payload-office-platform\.next\server\chunks\[root-of-the-server]__0uz6u5r._.js:1:17585)
              at async rJ.handleResponse (E:\github\sbh\payload-office-platform\node_modules\.pnpm\next@16.2.10_@babel+core@7.29.7_@playwright+test@1.61.1_react-dom@19.2.0_react@19.2.0\node_modules\next\dist\compiled\next-server\app-route-turbo.runtime.prod.js:1:119701)
              at async l (E:\github\sbh\payload-office-platform\.next\server\chunks\[root-of-the-server]__0uz6u5r._.js:1:18626)
      "data": null,
      "isOperational": true,
      "isPublic": true,
      "status": 403,
      "name": "e"
    }
[01:45:48] [31mERROR[39m: [36m您无权执行此操作。[39m
    err: {
      "type": "e",
      "message": "您无权执行此操作。",
      "stack":
          e: 您无权执行此操作。
              at F (E:\github\sbh\payload-office-platform\.next\server\chunks\ssr\node_modules__pnpm_0vy3l_w._.js:155:45206)
              at process.processTicksAndRejections (node:internal/process/task_queues:104:5)
              at async O (E:\github\sbh\payload-office-platform\.next\server\chunks\ssr\node_modules__pnpm_0vy3l_w._.js:155:45826)
              at async h (E:\github\sbh\payload-office-platform\.next\server\chunks\node_modules__pnpm_158swtm._.js:1:18439)
              at async E:\github\sbh\payload-office-platform\.next\server\chunks\node_modules__pnpm_0wwnffj._.js:1:8809
              at async rJ.do (E:\github\sbh\payload-office-platform\node_modules\.pnpm\next@16.2.10_@babel+core@7.29.7_@playwright+test@1.61.1_react-dom@19.2.0_react@19.2.0\node_modules\next\dist\compiled\next-server\app-route-turbo.runtime.prod.js:5:20930)
              at async rJ.handle (E:\github\sbh\payload-office-platform\node_modules\.pnpm\next@16.2.10_@babel+core@7.29.7_@playwright+test@1.61.1_react-dom@19.2.0_react@19.2.0\node_modules\next\dist\compiled\next-server\app-route-turbo.runtime.prod.js:5:25785)
              at async u (E:\github\sbh\payload-office-platform\.next\server\chunks\[root-of-the-server]__0uz6u5r._.js:1:17585)
              at async rJ.handleResponse (E:\github\sbh\payload-office-platform\node_modules\.pnpm\next@16.2.10_@babel+core@7.29.7_@playwright+test@1.61.1_react-dom@19.2.0_react@19.2.0\node_modules\next\dist\compiled\next-server\app-route-turbo.runtime.prod.js:1:119701)
              at async l (E:\github\sbh\payload-office-platform\.next\server\chunks\[root-of-the-server]__0uz6u5r._.js:1:18626)
      "data": null,
      "isOperational": true,
      "isPublic": true,
      "status": 403,
      "name": "e"
    }
[01:45:55] [31mERROR[39m: [36m您无权执行此操作。[39m
    err: {
      "type": "e",
      "message": "您无权执行此操作。",
      "stack":
          e: 您无权执行此操作。
              at F (E:\github\sbh\payload-office-platform\.next\server\chunks\ssr\node_modules__pnpm_0vy3l_w._.js:155:45206)
              at process.processTicksAndRejections (node:internal/process/task_queues:104:5)
              at async O (E:\github\sbh\payload-office-platform\.next\server\chunks\ssr\node_modules__pnpm_0vy3l_w._.js:155:45826)
              at async h (E:\github\sbh\payload-office-platform\.next\server\chunks\node_modules__pnpm_158swtm._.js:1:18439)
              at async E:\github\sbh\payload-office-platform\.next\server\chunks\node_modules__pnpm_0wwnffj._.js:1:8809
              at async rJ.do (E:\github\sbh\payload-office-platform\node_modules\.pnpm\next@16.2.10_@babel+core@7.29.7_@playwright+test@1.61.1_react-dom@19.2.0_react@19.2.0\node_modules\next\dist\compiled\next-server\app-route-turbo.runtime.prod.js:5:20930)
              at async rJ.handle (E:\github\sbh\payload-office-platform\node_modules\.pnpm\next@16.2.10_@babel+core@7.29.7_@playwright+test@1.61.1_react-dom@19.2.0_react@19.2.0\node_modules\next\dist\compiled\next-server\app-route-turbo.runtime.prod.js:5:25785)
              at async u (E:\github\sbh\payload-office-platform\.next\server\chunks\[root-of-the-server]__0uz6u5r._.js:1:17585)
              at async rJ.handleResponse (E:\github\sbh\payload-office-platform\node_modules\.pnpm\next@16.2.10_@babel+core@7.29.7_@playwright+test@1.61.1_react-dom@19.2.0_react@19.2.0\node_modules\next\dist\compiled\next-server\app-route-turbo.runtime.prod.js:1:119701)
              at async l (E:\github\sbh\payload-office-platform\.next\server\chunks\[root-of-the-server]__0uz6u5r._.js:1:18626)
      "data": null,
      "isOperational": true,
      "isPublic": true,
      "status": 403,
      "name": "e"
    }
[01:46:01] [31mERROR[39m: [36m您无权执行此操作。[39m
    err: {
      "type": "e",
      "message": "您无权执行此操作。",
      "stack":
          e: 您无权执行此操作。
              at F (E:\github\sbh\payload-office-platform\.next\server\chunks\ssr\node_modules__pnpm_0vy3l_w._.js:155:45206)
              at process.processTicksAndRejections (node:internal/process/task_queues:104:5)
              at async O (E:\github\sbh\payload-office-platform\.next\server\chunks\ssr\node_modules__pnpm_0vy3l_w._.js:155:45826)
              at async h (E:\github\sbh\payload-office-platform\.next\server\chunks\node_modules__pnpm_158swtm._.js:1:18439)
              at async E:\github\sbh\payload-office-platform\.next\server\chunks\node_modules__pnpm_0wwnffj._.js:1:8809
              at async rJ.do (E:\github\sbh\payload-office-platform\node_modules\.pnpm\next@16.2.10_@babel+core@7.29.7_@playwright+test@1.61.1_react-dom@19.2.0_react@19.2.0\node_modules\next\dist\compiled\next-server\app-route-turbo.runtime.prod.js:5:20930)
              at async rJ.handle (E:\github\sbh\payload-office-platform\node_modules\.pnpm\next@16.2.10_@babel+core@7.29.7_@playwright+test@1.61.1_react-dom@19.2.0_react@19.2.0\node_modules\next\dist\compiled\next-server\app-route-turbo.runtime.prod.js:5:25785)
              at async u (E:\github\sbh\payload-office-platform\.next\server\chunks\[root-of-the-server]__0uz6u5r._.js:1:17585)
              at async rJ.handleResponse (E:\github\sbh\payload-office-platform\node_modules\.pnpm\next@16.2.10_@babel+core@7.29.7_@playwright+test@1.61.1_react-dom@19.2.0_react@19.2.0\node_modules\next\dist\compiled\next-server\app-route-turbo.runtime.prod.js:1:119701)
              at async l (E:\github\sbh\payload-office-platform\.next\server\chunks\[root-of-the-server]__0uz6u5r._.js:1:18626)
      "data": null,
      "isOperational": true,
      "isPublic": true,
      "status": 403,
      "name": "e"
    }
[01:46:02] [32mINFO[39m: [36minquiry_success[39m
    [35mrequestId[39m: "9e4056f9-63fe-49bb-ae43-7a49399feaca"
    [35mpageType[39m: "listing"
    [35mpath[39m: "/listings/jingan-serviced-office-42-seats"
    [35mtargetType[39m: "listing"
    [35mtargetSlug[39m: "jingan-serviced-office-42-seats"
    [35mphoneMasked[39m: "138****1111"
    [35mconsentPolicyVersion[39m: "MVP-R1"
    [35midempotent[39m: false
    [35mfieldCompleteness[39m: "with_message"
    [35mcampaignKeys[39m: []
    [35merrorCode[39m: null
    [35mdurationMs[39m: 103
    [35mhasPriceSnapshot[39m: true
    [35msection[39m: "hero"
    [35mtargetResolution[39m: "listing"
[01:46:04] [32mINFO[39m: [36minquiry_success[39m
    [35mrequestId[39m: "e2e-idempotent-1787334364707-vs36wn"
    [35mpageType[39m: "home"
    [35mpath[39m: "/"
    [35mtargetType[39m: "none"
    [35mtargetSlug[39m: null
    [35mphoneMasked[39m: "138****2222"
    [35mconsentPolicyVersion[39m: "MVP-R1"
    [35midempotent[39m: false
    [35mfieldCompleteness[39m: "required_only"
    [35mcampaignKeys[39m: []
    [35merrorCode[39m: null
    [35mdurationMs[39m: 16
    [35mhasPriceSnapshot[39m: false
    [35msection[39m: null
    [35mtargetResolution[39m: "general"
[01:46:04] [32mINFO[39m: [36minquiry_idempotent_hit[39m
    [35mrequestId[39m: "e2e-idempotent-1787334364707-vs36wn"
    [35mpageType[39m: "home"
    [35mpath[39m: "/"
    [35mtargetType[39m: "none"
    [35mtargetSlug[39m: null
    [35mphoneMasked[39m: "138****2222"
    [35mconsentPolicyVersion[39m: "MVP-R1"
    [35midempotent[39m: true
    [35mfieldCompleteness[39m: "required_only"
    [35mcampaignKeys[39m: []
    [35merrorCode[39m: null
    [35mdurationMs[39m: 4
    [35mhasPriceSnapshot[39m: false
    [35msection[39m: null
    [35mtargetResolution[39m: "general"
[01:46:05] [32mINFO[39m: [36minquiry_success[39m
    [35mrequestId[39m: "94118f0a-5612-4e0a-990e-19f8272c78e0"
    [35mpageType[39m: "listing"
    [35mpath[39m: "/listings/jingan-serviced-office-42-seats"
    [35mtargetType[39m: "listing"
    [35mtargetSlug[39m: "jingan-serviced-office-42-seats"
    [35mphoneMasked[39m: "138****1111"
    [35mconsentPolicyVersion[39m: "MVP-R1"
    [35midempotent[39m: false
    [35mfieldCompleteness[39m: "with_message"
    [35mcampaignKeys[39m: []
    [35merrorCode[39m: null
    [35mdurationMs[39m: 99
    [35mhasPriceSnapshot[39m: true
    [35msection[39m: "hero"
    [35mtargetResolution[39m: "listing"
